Using pre-set license
Built from '2021.3/staging' branch; Version is '2021.3.2f1 (d6360bedb9a0) revision 14038539'; Using compiler version '192829333'; Build Type 'Release'
OS: 'Windows 10  (10.0.19045) 64bit Professional' Language: 'ru' Physical Memory: 16106 MB
BatchMode: 1, IsHumanControllingUs: 0, StartBugReporterOnCrash: 0, Is64bit: 1, IsPro: 1

COMMAND LINE ARGUMENTS:
C:\Unity\2021.3.2f1\Editor\Unity.exe
-adb2
-batchMode
-noUpm
-name
AssetImportWorker0
-projectPath
C:/3unitXlab/test_xlab
-logFile
Logs/AssetImportWorker0.log
-srvPort
54938
Successfully changed project path to: C:/3unitXlab/test_xlab
C:/3unitXlab/test_xlab
[UnityMemory] Configuration Parameters - Can be set up in boot.config
    "memorysetup-bucket-allocator-granularity=16"
    "memorysetup-bucket-allocator-bucket-count=8"
    "memorysetup-bucket-allocator-block-size=33554432"
    "memorysetup-bucket-allocator-block-count=8"
    "memorysetup-main-allocator-block-size=16777216"
    "memorysetup-thread-allocator-block-size=16777216"
    "memorysetup-gfx-main-allocator-block-size=16777216"
    "memorysetup-gfx-thread-allocator-block-size=16777216"
    "memorysetup-cache-allocator-block-size=4194304"
    "memorysetup-typetree-allocator-block-size=2097152"
    "memorysetup-profiler-bucket-allocator-granularity=16"
    "memorysetup-profiler-bucket-allocator-bucket-count=8"
    "memorysetup-profiler-bucket-allocator-block-size=33554432"
    "memorysetup-profiler-bucket-allocator-block-count=8"
    "memorysetup-profiler-allocator-block-size=16777216"
    "memorysetup-profiler-editor-allocator-block-size=1048576"
    "memorysetup-temp-allocator-size-main=16777216"
    "memorysetup-job-temp-allocator-block-size=2097152"
    "memorysetup-job-temp-allocator-block-size-background=1048576"
    "memorysetup-job-temp-allocator-reduction-small-platforms=262144"
    "memorysetup-temp-allocator-size-background-worker=32768"
    "memorysetup-temp-allocator-size-job-worker=262144"
    "memorysetup-temp-allocator-size-preload-manager=33554432"
    "memorysetup-temp-allocator-size-nav-mesh-worker=65536"
    "memorysetup-temp-allocator-size-audio-worker=65536"
    "memorysetup-temp-allocator-size-cloud-worker=32768"
    "memorysetup-temp-allocator-size-gi-baking-worker=262144"
    "memorysetup-temp-allocator-size-gfx=262144"
Refreshing native plugins compatible for Editor in 22.98 ms, found 0 plugins.
Preloading 0 native plugins for Editor in 0.00 ms.
Initialize engine version: 2021.3.2f1 (d6360bedb9a0)
[Subsystems] Discovering subsystems at path C:/Unity/2021.3.2f1/Editor/Data/Resources/UnitySubsystems
[Subsystems] Discovering subsystems at path C:/3unitXlab/test_xlab/Assets
GfxDevice: creating device client; threaded=0; jobified=0
Direct3D:
    Version:  Direct3D 11.0 [level 11.1]
    Renderer: NVIDIA GeForce RTX 3050 Ti Laptop GPU (ID=0x25a0)
    Vendor:   NVIDIA
    VRAM:     3962 MB
    Driver:   32.0.15.9186
Initialize mono
Mono path[0] = 'C:/Unity/2021.3.2f1/Editor/Data/Managed'
Mono path[1] = 'C:/Unity/2021.3.2f1/Editor/Data/MonoBleedingEdge/lib/mono/unityjit-win32'
Mono config path = 'C:/Unity/2021.3.2f1/Editor/Data/MonoBleedingEdge/etc'
Using monoOptions --debugger-agent=transport=dt_socket,embedding=1,server=y,suspend=n,address=127.0.0.1:56616
Begin MonoManager ReloadAssembly
Registering precompiled unity dll's ...
Register platform support module: C:/Unity/2021.3.2f1/Editor/Data/PlaybackEngines/WebGLSupport/UnityEditor.WebGL.Extensions.dll
Register platform support module: C:/Unity/2021.3.2f1/Editor/Data/PlaybackEngines/AndroidPlayer/UnityEditor.Android.Extensions.dll
Register platform support module: C:/Unity/2021.3.2f1/Editor/Data/PlaybackEngines/iOSSupport/UnityEditor.iOS.Extensions.dll
Register platform support module: C:/Unity/2021.3.2f1/Editor/Data/PlaybackEngines/WindowsStandaloneSupport/UnityEditor.WindowsStandalone.Extensions.dll
Registered in 0.006730 seconds.
Native extension for WindowsStandalone target not found
[usbmuxd] Start listen thread
[usbmuxd] Listen thread started
Native extension for iOS target not found
Native extension for Android target not found
Native extension for WebGL target not found
Refreshing native plugins compatible for Editor in 22.62 ms, found 0 plugins.
Preloading 0 native plugins for Editor in 0.00 ms.
Mono: successfully reloaded assembly
- Completed reload, in  0.675 seconds
Domain Reload Profiling:
	ReloadAssembly (675ms)
		BeginReloadAssembly (81ms)
			ExecutionOrderSort (0ms)
			DisableScriptedObjects (0ms)
			BackupInstance (0ms)
			ReleaseScriptingObjects (0ms)
			CreateAndSetChildDomain (1ms)
		EndReloadAssembly (478ms)
			LoadAssemblies (80ms)
			RebuildTransferFunctionScriptingTraits (0ms)
			SetupTypeCache (149ms)
			ReleaseScriptCaches (0ms)
			RebuildScriptCaches (32ms)
			SetupLoadedEditorAssemblies (245ms)
				LogAssemblyErrors (0ms)
				InitializePlatformSupportModulesInManaged (72ms)
				SetLoadedEditorAssemblies (0ms)
				RefreshPlugins (23ms)
				BeforeProcessingInitializeOnLoad (1ms)
				ProcessInitializeOnLoadAttributes (108ms)
				ProcessInitializeOnLoadMethodAttributes (41ms)
				AfterProcessingInitializeOnLoad (0ms)
				EditorAssembliesLoaded (0ms)
			ExecutionOrderSort2 (0ms)
			AwakeInstancesAfterBackupRestoration (0ms)
Platform modules already initialized, skipping
Registering precompiled user dll's ...
Registered in 0.000429 seconds.
Begin MonoManager ReloadAssembly
Native extension for WindowsStandalone target not found
Native extension for iOS target not found
Native extension for Android target not found
Native extension for WebGL target not found
Refreshing native plugins compatible for Editor in 0.29 ms, found 0 plugins.
Preloading 0 native plugins for Editor in 0.00 ms.
Mono: successfully reloaded assembly
- Completed reload, in  0.841 seconds
Domain Reload Profiling:
	ReloadAssembly (842ms)
		BeginReloadAssembly (253ms)
			ExecutionOrderSort (0ms)
			DisableScriptedObjects (9ms)
			BackupInstance (0ms)
			ReleaseScriptingObjects (0ms)
			CreateAndSetChildDomain (138ms)
		EndReloadAssembly (483ms)
			LoadAssemblies (76ms)
			RebuildTransferFunctionScriptingTraits (0ms)
			SetupTypeCache (129ms)
			ReleaseScriptCaches (0ms)
			RebuildScriptCaches (50ms)
			SetupLoadedEditorAssemblies (192ms)
				LogAssemblyErrors (0ms)
				InitializePlatformSupportModulesInManaged (28ms)
				SetLoadedEditorAssemblies (1ms)
				RefreshPlugins (0ms)
				BeforeProcessingInitializeOnLoad (35ms)
				ProcessInitializeOnLoadAttributes (107ms)
				ProcessInitializeOnLoadMethodAttributes (14ms)
				AfterProcessingInitializeOnLoad (7ms)
				EditorAssembliesLoaded (0ms)
			ExecutionOrderSort2 (0ms)
			AwakeInstancesAfterBackupRestoration (5ms)
Platform modules already initialized, skipping
========================================================================
Worker process is ready to serve import requests
Launched and connected shader compiler UnityShaderCompiler.exe after 0.04 seconds
Refreshing native plugins compatible for Editor in 0.26 ms, found 0 plugins.
Preloading 0 native plugins for Editor in 0.00 ms.
Unloading 1041 Unused Serialized files (Serialized files now loaded: 0)
Unloading 9 unused Assets / (56.5 KB). Loaded Objects now: 1522.
Memory consumption went from 55.8 MB to 55.8 MB.
Total: 3.254400 ms (FindLiveObjects: 0.107400 ms CreateObjectMapping: 0.033000 ms MarkObjects: 2.998200 ms  DeleteObjects: 0.114000 ms)

AssetImportParameters requested are different than current active one (requested -> active):
  custom:video-decoder-ogg-theora: a1e56fd34408186e4bbccfd4996cb3dc -> 
  custom:container-muxer-webm: aa71ff27fc2769a1b78a27578f13a17b -> 
  custom:container-demuxer-webm: 4f35f7cbe854078d1ac9338744f61a02 -> 
  custom:video-encoder-webm-vp8: eb34c28f22e8b96e1ab97ce403110664 -> 
  custom:audio-encoder-webm-vorbis: bf7c407c2cedff20999df2af8eb42d56 -> 
  custom:framework-win-MediaFoundation: 216162199b28c13a410421893ffa2e32 -> 
  custom:container-demuxer-ogg: 62fdf1f143b41e24485cea50d1cbac27 -> 
  custom:video-decoder-webm-vp8: 9c59270c3fd7afecdb556c50c9e8de78 -> 
  custom:audio-decoder-ogg-vorbis: bf7c407c2cedff20999df2af8eb42d56 -> 
========================================================================
Received Prepare
Registering precompiled user dll's ...
Registered in 0.000638 seconds.
Begin MonoManager ReloadAssembly
Native extension for WindowsStandalone target not found
Native extension for iOS target not found
Native extension for Android target not found
Native extension for WebGL target not found
Refreshing native plugins compatible for Editor in 0.19 ms, found 0 plugins.
Preloading 0 native plugins for Editor in 0.00 ms.
Mono: successfully reloaded assembly
- Completed reload, in  0.788 seconds
Domain Reload Profiling:
	ReloadAssembly (788ms)
		BeginReloadAssembly (141ms)
			ExecutionOrderSort (0ms)
			DisableScriptedObjects (7ms)
			BackupInstance (0ms)
			ReleaseScriptingObjects (0ms)
			CreateAndSetChildDomain (29ms)
		EndReloadAssembly (525ms)
			LoadAssemblies (76ms)
			RebuildTransferFunctionScriptingTraits (0ms)
			SetupTypeCache (141ms)
			ReleaseScriptCaches (1ms)
			RebuildScriptCaches (33ms)
			SetupLoadedEditorAssemblies (244ms)
				LogAssemblyErrors (0ms)
				InitializePlatformSupportModulesInManaged (36ms)
				SetLoadedEditorAssemblies (0ms)
				RefreshPlugins (0ms)
				BeforeProcessingInitializeOnLoad (36ms)
				ProcessInitializeOnLoadAttributes (145ms)
				ProcessInitializeOnLoadMethodAttributes (20ms)
				AfterProcessingInitializeOnLoad (7ms)
				EditorAssembliesLoaded (0ms)
			ExecutionOrderSort2 (0ms)
			AwakeInstancesAfterBackupRestoration (7ms)
Platform modules already initialized, skipping
Refreshing native plugins compatible for Editor in 0.36 ms, found 0 plugins.
Preloading 0 native plugins for Editor in 0.00 ms.
Unloading 1034 Unused Serialized files (Serialized files now loaded: 0)
Unloading 2 unused Assets / (24.6 KB). Loaded Objects now: 1526.
Memory consumption went from 55.4 MB to 55.3 MB.
Total: 2.143000 ms (FindLiveObjects: 0.096800 ms CreateObjectMapping: 0.022000 ms MarkObjects: 2.005500 ms  DeleteObjects: 0.017700 ms)

AssetImportParameters requested are different than current active one (requested -> active):
  custom:video-decoder-ogg-theora: a1e56fd34408186e4bbccfd4996cb3dc -> 
  custom:container-muxer-webm: aa71ff27fc2769a1b78a27578f13a17b -> 
  custom:container-demuxer-webm: 4f35f7cbe854078d1ac9338744f61a02 -> 
  custom:video-encoder-webm-vp8: eb34c28f22e8b96e1ab97ce403110664 -> 
  custom:audio-encoder-webm-vorbis: bf7c407c2cedff20999df2af8eb42d56 -> 
  custom:framework-win-MediaFoundation: 216162199b28c13a410421893ffa2e32 -> 
  custom:container-demuxer-ogg: 62fdf1f143b41e24485cea50d1cbac27 -> 
  custom:video-decoder-webm-vp8: 9c59270c3fd7afecdb556c50c9e8de78 -> 
  custom:audio-decoder-ogg-vorbis: bf7c407c2cedff20999df2af8eb42d56 -> 
========================================================================
Received Import Request.
  Time since last request: 1826.504667 seconds.
  path: Assets/Scripts/PlayerController.cs
  artifactKey: Guid(f3a71399a61b14849be121c8c6c1ee5e) Importer(815301076,1909f56bfc062723c751e8b465ee728b)
Start importing Assets/Scripts/PlayerController.cs using Guid(f3a71399a61b14849be121c8c6c1ee5e) Importer(815301076,1909f56bfc062723c751e8b465ee728b)  -> (artifact id: 'ebbcdad3a48871dc839f00ede430d7c4') in 0.021728 seconds 
========================================================================
Received Prepare
Registering precompiled user dll's ...
Registered in 0.000356 seconds.
Begin MonoManager ReloadAssembly
Native extension for WindowsStandalone target not found
Native extension for iOS target not found
Native extension for Android target not found
Native extension for WebGL target not found
Refreshing native plugins compatible for Editor in 0.39 ms, found 0 plugins.
Preloading 0 native plugins for Editor in 0.00 ms.
Mono: successfully reloaded assembly
- Completed reload, in  0.756 seconds
Domain Reload Profiling:
	ReloadAssembly (757ms)
		BeginReloadAssembly (112ms)
			ExecutionOrderSort (0ms)
			DisableScriptedObjects (5ms)
			BackupInstance (0ms)
			ReleaseScriptingObjects (0ms)
			CreateAndSetChildDomain (29ms)
		EndReloadAssembly (543ms)
			LoadAssemblies (62ms)
			RebuildTransferFunctionScriptingTraits (0ms)
			SetupTypeCache (151ms)
			ReleaseScriptCaches (1ms)
			RebuildScriptCaches (37ms)
			SetupLoadedEditorAssemblies (244ms)
				LogAssemblyErrors (0ms)
				InitializePlatformSupportModulesInManaged (48ms)
				SetLoadedEditorAssemblies (1ms)
				RefreshPlugins (1ms)
				BeforeProcessingInitializeOnLoad (59ms)
				ProcessInitializeOnLoadAttributes (107ms)
				ProcessInitializeOnLoadMethodAttributes (23ms)
				AfterProcessingInitializeOnLoad (6ms)
				EditorAssembliesLoaded (0ms)
			ExecutionOrderSort2 (0ms)
			AwakeInstancesAfterBackupRestoration (6ms)
Platform modules already initialized, skipping
Refreshing native plugins compatible for Editor in 0.45 ms, found 0 plugins.
Preloading 0 native plugins for Editor in 0.00 ms.
Unloading 1034 Unused Serialized files (Serialized files now loaded: 0)
Unloading 2 unused Assets / (24.6 KB). Loaded Objects now: 1529.
Memory consumption went from 55.4 MB to 55.4 MB.
Total: 3.389700 ms (FindLiveObjects: 0.133100 ms CreateObjectMapping: 0.063100 ms MarkObjects: 3.115000 ms  DeleteObjects: 0.074800 ms)

AssetImportParameters requested are different than current active one (requested -> active):
  custom:video-decoder-ogg-theora: a1e56fd34408186e4bbccfd4996cb3dc -> 
  custom:container-muxer-webm: aa71ff27fc2769a1b78a27578f13a17b -> 
  custom:container-demuxer-webm: 4f35f7cbe854078d1ac9338744f61a02 -> 
  custom:video-encoder-webm-vp8: eb34c28f22e8b96e1ab97ce403110664 -> 
  custom:audio-encoder-webm-vorbis: bf7c407c2cedff20999df2af8eb42d56 -> 
  custom:framework-win-MediaFoundation: 216162199b28c13a410421893ffa2e32 -> 
  custom:container-demuxer-ogg: 62fdf1f143b41e24485cea50d1cbac27 -> 
  custom:video-decoder-webm-vp8: 9c59270c3fd7afecdb556c50c9e8de78 -> 
  custom:audio-decoder-ogg-vorbis: bf7c407c2cedff20999df2af8eb42d56 -> 
========================================================================
Received Import Request.
  Time since last request: 1280.146534 seconds.
  path: Assets/Scripts/PlayerController.cs
  artifactKey: Guid(f3a71399a61b14849be121c8c6c1ee5e) Importer(815301076,1909f56bfc062723c751e8b465ee728b)
Start importing Assets/Scripts/PlayerController.cs using Guid(f3a71399a61b14849be121c8c6c1ee5e) Importer(815301076,1909f56bfc062723c751e8b465ee728b)  -> (artifact id: 'ddb7026339833140e9995134c5e27b27') in 0.005624 seconds 
========================================================================
Received Import Request.
  Time since last request: 30.266738 seconds.
  path: Assets/Scripts/NewBehaviourScript.cs
  artifactKey: Guid(1c4c8ec5290b3ac43ab40c3b3754a6f5) Importer(815301076,1909f56bfc062723c751e8b465ee728b)
Start importing Assets/Scripts/NewBehaviourScript.cs using Guid(1c4c8ec5290b3ac43ab40c3b3754a6f5) Importer(815301076,1909f56bfc062723c751e8b465ee728b)  -> (artifact id: '2a4dd6377c3b950c5189b7cacf265260') in 0.001958 seconds 
========================================================================
Received Import Request.
  Time since last request: 5.523151 seconds.
  path: Assets/Scripts/Spawner.cs
  artifactKey: Guid(1c4c8ec5290b3ac43ab40c3b3754a6f5) Importer(815301076,1909f56bfc062723c751e8b465ee728b)
Start importing Assets/Scripts/Spawner.cs using Guid(1c4c8ec5290b3ac43ab40c3b3754a6f5) Importer(815301076,1909f56bfc062723c751e8b465ee728b)  -> (artifact id: 'f829386dc900ba7d3e8368fd25008b69') in 0.001396 seconds 
========================================================================
Received Import Request.
  Time since last request: 1123.291657 seconds.
  path: Assets/Scripts/Spawner.cs
  artifactKey: Guid(1c4c8ec5290b3ac43ab40c3b3754a6f5) Importer(815301076,1909f56bfc062723c751e8b465ee728b)
Start importing Assets/Scripts/Spawner.cs using Guid(1c4c8ec5290b3ac43ab40c3b3754a6f5) Importer(815301076,1909f56bfc062723c751e8b465ee728b)  -> (artifact id: '450f1205a7963c9efe3e22dca99c25d2') in 0.001758 seconds 
========================================================================
Received Import Request.
  Time since last request: 2482.201645 seconds.
  path: Assets/Scripts/PlayerController.cs
  artifactKey: Guid(f3a71399a61b14849be121c8c6c1ee5e) Importer(815301076,1909f56bfc062723c751e8b465ee728b)
Start importing Assets/Scripts/PlayerController.cs using Guid(f3a71399a61b14849be121c8c6c1ee5e) Importer(815301076,1909f56bfc062723c751e8b465ee728b)  -> (artifact id: '32deb98a3039805ffa2c9a94ec4f3c5c') in 0.001515 seconds 
========================================================================
Received Import Request.
  Time since last request: 24.618147 seconds.
  path: Assets/Scripts/PlayerController.cs
  artifactKey: Guid(f3a71399a61b14849be121c8c6c1ee5e) Importer(815301076,1909f56bfc062723c751e8b465ee728b)
Start importing Assets/Scripts/PlayerController.cs using Guid(f3a71399a61b14849be121c8c6c1ee5e) Importer(815301076,1909f56bfc062723c751e8b465ee728b)  -> (artifact id: '70bd4972b8ad909ef2cca26ba5d1cfcf') in 0.001140 seconds 
========================================================================
Received Import Request.
  Time since last request: 1.598481 seconds.
  path: Assets/Scripts/Spawner.cs
  artifactKey: Guid(1c4c8ec5290b3ac43ab40c3b3754a6f5) Importer(815301076,1909f56bfc062723c751e8b465ee728b)
Start importing Assets/Scripts/Spawner.cs using Guid(1c4c8ec5290b3ac43ab40c3b3754a6f5) Importer(815301076,1909f56bfc062723c751e8b465ee728b)  -> (artifact id: 'c68fab7bc44d5bcb6391ccd84136a616') in 0.001255 seconds 
========================================================================
Received Import Request.
  Time since last request: 14.109005 seconds.
  path: Assets/Scripts/Spawner.cs
  artifactKey: Guid(1c4c8ec5290b3ac43ab40c3b3754a6f5) Importer(815301076,1909f56bfc062723c751e8b465ee728b)
Start importing Assets/Scripts/Spawner.cs using Guid(1c4c8ec5290b3ac43ab40c3b3754a6f5) Importer(815301076,1909f56bfc062723c751e8b465ee728b)  -> (artifact id: '046c7dedf3f015f2ad1ada33450a77d3') in 0.001151 seconds 
========================================================================
Received Import Request.
  Time since last request: 107.479596 seconds.
  path: Assets/Scripts/Spawner.cs
  artifactKey: Guid(1c4c8ec5290b3ac43ab40c3b3754a6f5) Importer(815301076,1909f56bfc062723c751e8b465ee728b)
Start importing Assets/Scripts/Spawner.cs using Guid(1c4c8ec5290b3ac43ab40c3b3754a6f5) Importer(815301076,1909f56bfc062723c751e8b465ee728b)  -> (artifact id: '610a0853c5a74566d950bbb91fa575c2') in 0.001923 seconds 
========================================================================
Received Import Request.
  Time since last request: 327.763485 seconds.
  path: Assets/Scripts/PlayerController.cs
  artifactKey: Guid(f3a71399a61b14849be121c8c6c1ee5e) Importer(815301076,1909f56bfc062723c751e8b465ee728b)
Start importing Assets/Scripts/PlayerController.cs using Guid(f3a71399a61b14849be121c8c6c1ee5e) Importer(815301076,1909f56bfc062723c751e8b465ee728b)  -> (artifact id: '951c753025662c24229968ae6c8d83dc') in 0.001698 seconds 
========================================================================
Received Import Request.
  Time since last request: 45.505432 seconds.
  path: Assets/Scripts/Player Controller.cs
  artifactKey: Guid(f3a71399a61b14849be121c8c6c1ee5e) Importer(815301076,1909f56bfc062723c751e8b465ee728b)
Start importing Assets/Scripts/Player Controller.cs using Guid(f3a71399a61b14849be121c8c6c1ee5e) Importer(815301076,1909f56bfc062723c751e8b465ee728b)  -> (artifact id: '12d571725e1c4100651b523702b14e9c') in 0.001312 seconds 
========================================================================
Received Import Request.
  Time since last request: 1985.413485 seconds.
  path: Assets/3.4_Scripts/Spawner.cs
  artifactKey: Guid(3b65edaae07bca54e8dd04d7bc6d0995) Importer(815301076,1909f56bfc062723c751e8b465ee728b)
Start importing Assets/3.4_Scripts/Spawner.cs using Guid(3b65edaae07bca54e8dd04d7bc6d0995) Importer(815301076,1909f56bfc062723c751e8b465ee728b)  -> (artifact id: '33d71bf8c303af68c04acbe4d6d8b51e') in 0.001998 seconds 
========================================================================
Received Import Request.
  Time since last request: 19.483592 seconds.
  path: Assets/3.4_Scripts/Refresh.cs
  artifactKey: Guid(d5082c20d1727b14a886373bcce2c7d0) Importer(815301076,1909f56bfc062723c751e8b465ee728b)
Start importing Assets/3.4_Scripts/Refresh.cs using Guid(d5082c20d1727b14a886373bcce2c7d0) Importer(815301076,1909f56bfc062723c751e8b465ee728b)  -> (artifact id: 'e7be119b785b215b424def42d3b9a095') in 0.001519 seconds 
========================================================================
Received Import Request.
  Time since last request: 0.569962 seconds.
  path: Assets/3.4_Scripts/PlayerController.cs
  artifactKey: Guid(c0d72ca215f2a914ba89aac5e4d71a12) Importer(815301076,1909f56bfc062723c751e8b465ee728b)
Start importing Assets/3.4_Scripts/PlayerController.cs using Guid(c0d72ca215f2a914ba89aac5e4d71a12) Importer(815301076,1909f56bfc062723c751e8b465ee728b)  -> (artifact id: '25a861b784d8e96192a6b71dae3b5dae') in 0.001505 seconds 
========================================================================
Received Import Request.
  Time since last request: 429.429476 seconds.
  path: Assets/Kevin Iglesias/Villager Animations/Models/Other/BerryBushes.fbx
  artifactKey: Guid(7688a6962527bde4d83b00e2a45ec107) Importer(815301076,1909f56bfc062723c751e8b465ee728b)
Start importing Assets/Kevin Iglesias/Villager Animations/Models/Other/BerryBushes.fbx using Guid(7688a6962527bde4d83b00e2a45ec107) Importer(815301076,1909f56bfc062723c751e8b465ee728b)  -> (artifact id: '2502a16b1c0b24e0176308ff9f3498d7') in 0.258866 seconds 
========================================================================
Received Import Request.
  Time since last request: 0.000024 seconds.
  path: Assets/AlignedGames/Polygonal Foliage Asset Package/Art/Models/Debris/Debris1/debris_1.fbx
  artifactKey: Guid(8a1f621c8a48cc743943e75a8ca0e01a) Importer(815301076,1909f56bfc062723c751e8b465ee728b)
Start importing Assets/AlignedGames/Polygonal Foliage Asset Package/Art/Models/Debris/Debris1/debris_1.fbx using Guid(8a1f621c8a48cc743943e75a8ca0e01a) Importer(815301076,1909f56bfc062723c751e8b465ee728b)  -> (artifact id: 'cd293a3570d237e4b29fd5f0f3094780') in 0.037350 seconds 
========================================================================
Received Import Request.
  Time since last request: 0.000035 seconds.
  path: Assets/AlignedGames/Polygonal Foliage Asset Package/Art/Models/Clouds/Cloud1/cloud_1.fbx
  artifactKey: Guid(5cde7e041e3442f48920017d63ab306e) Importer(815301076,1909f56bfc062723c751e8b465ee728b)
Start importing Assets/AlignedGames/Polygonal Foliage Asset Package/Art/Models/Clouds/Cloud1/cloud_1.fbx using Guid(5cde7e041e3442f48920017d63ab306e) Importer(815301076,1909f56bfc062723c751e8b465ee728b)  -> (artifact id: '4d9004f185028579901453a2e07271ef') in 0.030503 seconds 
========================================================================
Received Import Request.
  Time since last request: 0.000016 seconds.
  path: Assets/Kevin Iglesias/Villager Animations/Models/Other/Farm.fbx
  artifactKey: Guid(10e0ba57579c9c641ad5b5142cccb3b1) Importer(815301076,1909f56bfc062723c751e8b465ee728b)
Start importing Assets/Kevin Iglesias/Villager Animations/Models/Other/Farm.fbx using Guid(10e0ba57579c9c641ad5b5142cccb3b1) Importer(815301076,1909f56bfc062723c751e8b465ee728b)  -> (artifact id: '6d62432c86af17fad627be5f8a6d5ba6') in 0.029223 seconds 
========================================================================
Received Import Request.
  Time since last request: 0.000020 seconds.
  path: Assets/AlignedGames/Polygonal Foliage Asset Package/Art/Models/Debris/Debris2/debris_2.fbx
  artifactKey: Guid(1e4e0bd564760dd4da74df602ccf72d5) Importer(815301076,1909f56bfc062723c751e8b465ee728b)
Start importing Assets/AlignedGames/Polygonal Foliage Asset Package/Art/Models/Debris/Debris2/debris_2.fbx using Guid(1e4e0bd564760dd4da74df602ccf72d5) Importer(815301076,1909f56bfc062723c751e8b465ee728b)  -> (artifact id: '6642170ad608ef0a75db6a80178d9339') in 0.030196 seconds 
========================================================================
Received Import Request.
  Time since last request: 0.000021 seconds.
  path: Assets/AlignedGames/Polygonal Foliage Asset Package/Art/Models/Bushes/Bush2/bush_2.fbx
  artifactKey: Guid(b6a12a94b078221458a7a86e0509a863) Importer(815301076,1909f56bfc062723c751e8b465ee728b)
Start importing Assets/AlignedGames/Polygonal Foliage Asset Package/Art/Models/Bushes/Bush2/bush_2.fbx using Guid(b6a12a94b078221458a7a86e0509a863) Importer(815301076,1909f56bfc062723c751e8b465ee728b)  -> (artifact id: 'd71b3d343edfb447584ee5c24fec2813') in 0.021850 seconds 
========================================================================
Received Import Request.
  Time since last request: 0.000019 seconds.
  path: Assets/AlignedGames/Polygonal Foliage Asset Package/Art/Models/Cliffs/Cliff7/cliff_7.fbx
  artifactKey: Guid(b73201a935129554e812ba5b69f10753) Importer(815301076,1909f56bfc062723c751e8b465ee728b)
Start importing Assets/AlignedGames/Polygonal Foliage Asset Package/Art/Models/Cliffs/Cliff7/cliff_7.fbx using Guid(b73201a935129554e812ba5b69f10753) Importer(815301076,1909f56bfc062723c751e8b465ee728b)  -> (artifact id: 'ae2076bcc71d5dcb5939fd9f083ced95') in 0.053483 seconds 
========================================================================
Received Import Request.
  Time since last request: 0.000023 seconds.
  path: Assets/RPGPP_LT/Materials/rpgpp_lt_sky_a.mat
  artifactKey: Guid(ff33af19770dd3e489f9c65e388009fe) Importer(815301076,1909f56bfc062723c751e8b465ee728b)
Start importing Assets/RPGPP_LT/Materials/rpgpp_lt_sky_a.mat using Guid(ff33af19770dd3e489f9c65e388009fe) Importer(815301076,1909f56bfc062723c751e8b465ee728b)  -> (artifact id: '7fe1bce08c85c9bc48225381c2fe7aef') in 0.032896 seconds 
========================================================================
Received Import Request.
  Time since last request: 0.000037 seconds.
  path: Assets/Kevin Iglesias/Villager Animations/Models/Other/Ground.fbx
  artifactKey: Guid(04748ebc2024d1947bf42e81d65587a8) Importer(815301076,1909f56bfc062723c751e8b465ee728b)
Start importing Assets/Kevin Iglesias/Villager Animations/Models/Other/Ground.fbx using Guid(04748ebc2024d1947bf42e81d65587a8) Importer(815301076,1909f56bfc062723c751e8b465ee728b)  -> (artifact id: '378489cf12cf314bf7971382896e10f7') in 0.019260 seconds 
========================================================================
Received Import Request.
  Time since last request: 0.000033 seconds.
  path: Assets/AlignedGames/Polygonal Foliage Asset Package/Art/Models/Logs/Log4/log_4.fbx
  artifactKey: Guid(5e98a6bb7f0bd2a4295e2f82afab9335) Importer(815301076,1909f56bfc062723c751e8b465ee728b)
Start importing Assets/AlignedGames/Polygonal Foliage Asset Package/Art/Models/Logs/Log4/log_4.fbx using Guid(5e98a6bb7f0bd2a4295e2f82afab9335) Importer(815301076,1909f56bfc062723c751e8b465ee728b)  -> (artifact id: '868a637e1be68be1ef68886bd778d099') in 0.016565 seconds 
========================================================================
Received Import Request.
  Time since last request: 0.000055 seconds.
  path: Assets/AlignedGames/Polygonal Foliage Asset Package/Art/Models/Cliffs/Cliff6/cliff_6.fbx
  artifactKey: Guid(70b39351cb39b3e4d90763811fb26cd6) Importer(815301076,1909f56bfc062723c751e8b465ee728b)
Start importing Assets/AlignedGames/Polygonal Foliage Asset Package/Art/Models/Cliffs/Cliff6/cliff_6.fbx using Guid(70b39351cb39b3e4d90763811fb26cd6) Importer(815301076,1909f56bfc062723c751e8b465ee728b)  -> (artifact id: 'd57958bac97a627c50017525a657ce42') in 0.019430 seconds 
========================================================================
Received Import Request.
  Time since last request: 0.000015 seconds.
  path: Assets/AlignedGames/Polygonal Foliage Asset Package/Art/Models/Bushes/Bush4/bush_4.fbx
  artifactKey: Guid(b80e7a855f4247c4fa4e1f15509a76b6) Importer(815301076,1909f56bfc062723c751e8b465ee728b)
Start importing Assets/AlignedGames/Polygonal Foliage Asset Package/Art/Models/Bushes/Bush4/bush_4.fbx using Guid(b80e7a855f4247c4fa4e1f15509a76b6) Importer(815301076,1909f56bfc062723c751e8b465ee728b)  -> (artifact id: '59ffc3262b95ca00f533e8084cbbca0f') in 0.019489 seconds 
========================================================================
Received Import Request.
  Time since last request: 0.000023 seconds.
  path: Assets/AlignedGames/Polygonal Foliage Asset Package/Art/Models/Logs/Log2/log_2.fbx
  artifactKey: Guid(2d08b57623f3a104498ad09cfcc53f71) Importer(815301076,1909f56bfc062723c751e8b465ee728b)
Start importing Assets/AlignedGames/Polygonal Foliage Asset Package/Art/Models/Logs/Log2/log_2.fbx using Guid(2d08b57623f3a104498ad09cfcc53f71) Importer(815301076,1909f56bfc062723c751e8b465ee728b)  -> (artifact id: '8da546d17e47838e6eca64edc67db1e1') in 0.021216 seconds 
========================================================================
Received Import Request.
  Time since last request: 0.000026 seconds.
  path: Assets/AlignedGames/Polygonal Foliage Asset Package/Art/Models/Cliffs/Cliff2/cliff_2.fbx
  artifactKey: Guid(c394a55e497a61f4cb10879c14d017e9) Importer(815301076,1909f56bfc062723c751e8b465ee728b)
Start importing Assets/AlignedGames/Polygonal Foliage Asset Package/Art/Models/Cliffs/Cliff2/cliff_2.fbx using Guid(c394a55e497a61f4cb10879c14d017e9) Importer(815301076,1909f56bfc062723c751e8b465ee728b)  -> (artifact id: '1d3f4281f96dab48fac58e21199020ae') in 0.016515 seconds 
========================================================================
Received Import Request.
  Time since last request: 0.000025 seconds.
  path: Assets/AlignedGames/Polygonal Foliage Asset Package/Art/Models/Cliffs/Cliff5/cliff_5.fbx
  artifactKey: Guid(7aceb3c9ab19ab346aba6fc68fb3acd5) Importer(815301076,1909f56bfc062723c751e8b465ee728b)
Start importing Assets/AlignedGames/Polygonal Foliage Asset Package/Art/Models/Cliffs/Cliff5/cliff_5.fbx using Guid(7aceb3c9ab19ab346aba6fc68fb3acd5) Importer(815301076,1909f56bfc062723c751e8b465ee728b)  -> (artifact id: '5b49f1d476a0799ca2a375b95d17ee7a') in 0.016876 seconds 
========================================================================
Received Import Request.
  Time since last request: 0.000019 seconds.
  path: Assets/AlignedGames/Polygonal Foliage Asset Package/Art/Models/Grass/Grass3/grass_3.fbx
  artifactKey: Guid(cbcd805f39c7e0e4c8ee999fa9ba5552) Importer(815301076,1909f56bfc062723c751e8b465ee728b)
Start importing Assets/AlignedGames/Polygonal Foliage Asset Package/Art/Models/Grass/Grass3/grass_3.fbx using Guid(cbcd805f39c7e0e4c8ee999fa9ba5552) Importer(815301076,1909f56bfc062723c751e8b465ee728b)  -> (artifact id: 'beafb5117cfee72ae961cddb014ab3eb') in 0.019301 seconds 
========================================================================
Received Import Request.
  Time since last request: 0.000018 seconds.
  path: Assets/AlignedGames/Polygonal Foliage Asset Package/Art/Models/Flowers/Flower2/flower_2.fbx
  artifactKey: Guid(dfa2172cca65f4947af0087afe9b5325) Importer(815301076,1909f56bfc062723c751e8b465ee728b)
Start importing Assets/AlignedGames/Polygonal Foliage Asset Package/Art/Models/Flowers/Flower2/flower_2.fbx using Guid(dfa2172cca65f4947af0087afe9b5325) Importer(815301076,1909f56bfc062723c751e8b465ee728b)  -> (artifact id: 'f14a5a152c0ea37e64c0b30de9745276') in 0.017354 seconds 
========================================================================
Received Import Request.
  Time since last request: 0.000081 seconds.
  path: Assets/AlignedGames/Polygonal Foliage Asset Package/Art/Models/Logs/Log3/log_3.fbx
  artifactKey: Guid(e1196a40236a0f34580cf178529a4baa) Importer(815301076,1909f56bfc062723c751e8b465ee728b)
Start importing Assets/AlignedGames/Polygonal Foliage Asset Package/Art/Models/Logs/Log3/log_3.fbx using Guid(e1196a40236a0f34580cf178529a4baa) Importer(815301076,1909f56bfc062723c751e8b465ee728b)  -> (artifact id: '6fdbbf66fde4db5b8547710fa61cd525') in 0.023207 seconds 
========================================================================
Received Import Request.
  Time since last request: 0.000034 seconds.
  path: Assets/AlignedGames/Polygonal Foliage Asset Package/Art/Models/Debris/Debris3/debris_3.fbx
  artifactKey: Guid(7019ea8a90e2df4498b76efc8b6790d6) Importer(815301076,1909f56bfc062723c751e8b465ee728b)
Start importing Assets/AlignedGames/Polygonal Foliage Asset Package/Art/Models/Debris/Debris3/debris_3.fbx using Guid(7019ea8a90e2df4498b76efc8b6790d6) Importer(815301076,1909f56bfc062723c751e8b465ee728b)  -> (artifact id: '6ee4b36c1664f2746d378969a2aa0887') in 0.017463 seconds 
========================================================================
Received Import Request.
  Time since last request: 0.000030 seconds.
  path: Assets/Kevin Iglesias/Villager Animations/Models/Other/GoldOre.fbx
  artifactKey: Guid(638e7fa3cceb8f64c99510371c250a72) Importer(815301076,1909f56bfc062723c751e8b465ee728b)
Start importing Assets/Kevin Iglesias/Villager Animations/Models/Other/GoldOre.fbx using Guid(638e7fa3cceb8f64c99510371c250a72) Importer(815301076,1909f56bfc062723c751e8b465ee728b)  -> (artifact id: '23ec26fd3b39be97aa0ad930f9bdc939') in 0.023370 seconds 
========================================================================
Received Import Request.
  Time since last request: 0.000028 seconds.
  path: Assets/AlignedGames/Polygonal Foliage Asset Package/Art/Materials/atlass_1_1.mat
  artifactKey: Guid(85e89f3b829c70a4a85a798f89bd18ed) Importer(815301076,1909f56bfc062723c751e8b465ee728b)
Start importing Assets/AlignedGames/Polygonal Foliage Asset Package/Art/Materials/atlass_1_1.mat using Guid(85e89f3b829c70a4a85a798f89bd18ed) Importer(815301076,1909f56bfc062723c751e8b465ee728b)  -> (artifact id: '687d78bb71188fa121e436dda4eceec2') in 0.033055 seconds 
========================================================================
Received Import Request.
  Time since last request: 0.000026 seconds.
  path: Assets/AlignedGames/Polygonal Foliage Asset Package/Art/Models/Flowers/Flower3/flower_3.fbx
  artifactKey: Guid(d5efecfa44f82914294db715c310317e) Importer(815301076,1909f56bfc062723c751e8b465ee728b)
Start importing Assets/AlignedGames/Polygonal Foliage Asset Package/Art/Models/Flowers/Flower3/flower_3.fbx using Guid(d5efecfa44f82914294db715c310317e) Importer(815301076,1909f56bfc062723c751e8b465ee728b)  -> (artifact id: 'd27c78bdc695059b6b86a1241d6b7e52') in 0.019025 seconds 
========================================================================
Received Import Request.
  Time since last request: 0.000016 seconds.
  path: Assets/AlignedGames/Polygonal Foliage Asset Package/Art/Models/Grass/Grass1/grass_1.fbx
  artifactKey: Guid(fe1d8334175f01b4089c9b3479255200) Importer(815301076,1909f56bfc062723c751e8b465ee728b)
Start importing Assets/AlignedGames/Polygonal Foliage Asset Package/Art/Models/Grass/Grass1/grass_1.fbx using Guid(fe1d8334175f01b4089c9b3479255200) Importer(815301076,1909f56bfc062723c751e8b465ee728b)  -> (artifact id: 'acbcf07e0d46531b26fa42947a5dd5fb') in 0.019722 seconds 
========================================================================
Received Import Request.
  Time since last request: 0.000036 seconds.
  path: Assets/AlignedGames/Polygonal Foliage Asset Package/Art/Models/Cliffs/Cliff4/cliff_4.fbx
  artifactKey: Guid(dd76b5e048f187f439b253fffba695c0) Importer(815301076,1909f56bfc062723c751e8b465ee728b)
Start importing Assets/AlignedGames/Polygonal Foliage Asset Package/Art/Models/Cliffs/Cliff4/cliff_4.fbx using Guid(dd76b5e048f187f439b253fffba695c0) Importer(815301076,1909f56bfc062723c751e8b465ee728b)  -> (artifact id: '4e9048ef37f4fa430c2714c9ab1116cd') in 0.017645 seconds 
========================================================================
Received Import Request.
  Time since last request: 0.000021 seconds.
  path: Assets/RPGPP_LT/Materials/rpgpp_lt_cloud_a.mat
  artifactKey: Guid(434bfd6528d84e643ade0d2cd5c6fe1b) Importer(815301076,1909f56bfc062723c751e8b465ee728b)
Start importing Assets/RPGPP_LT/Materials/rpgpp_lt_cloud_a.mat using Guid(434bfd6528d84e643ade0d2cd5c6fe1b) Importer(815301076,1909f56bfc062723c751e8b465ee728b)  -> (artifact id: 'adeca929e0dc81c5a0fcc32cd4f0f897') in 0.008974 seconds 
========================================================================
Received Import Request.
  Time since last request: 0.000025 seconds.
  path: Assets/AlignedGames/Polygonal Foliage Asset Package/Art/Models/Cliffs/Cliff8/cliff_8.fbx
  artifactKey: Guid(e5ed542d3b299d6499f264c450942120) Importer(815301076,1909f56bfc062723c751e8b465ee728b)
Start importing Assets/AlignedGames/Polygonal Foliage Asset Package/Art/Models/Cliffs/Cliff8/cliff_8.fbx using Guid(e5ed542d3b299d6499f264c450942120) Importer(815301076,1909f56bfc062723c751e8b465ee728b)  -> (artifact id: 'e452d5bc16b8ac553e98727a28d918dd') in 0.018080 seconds 
========================================================================
Received Import Request.
  Time since last request: 0.000023 seconds.
  path: Assets/AlignedGames/Polygonal Foliage Asset Package/Art/Models/Flowers/Flower4/flower_4.fbx
  artifactKey: Guid(ab61831ab3976974ea0f0185449dfefa) Importer(815301076,1909f56bfc062723c751e8b465ee728b)
Start importing Assets/AlignedGames/Polygonal Foliage Asset Package/Art/Models/Flowers/Flower4/flower_4.fbx using Guid(ab61831ab3976974ea0f0185449dfefa) Importer(815301076,1909f56bfc062723c751e8b465ee728b)  -> (artifact id: 'e7c8740e4e0550fe6a3fb001348f81dd') in 0.016579 seconds 
========================================================================
Received Import Request.
  Time since last request: 0.000018 seconds.
  path: Assets/AlignedGames/Polygonal Foliage Asset Package/Art/Models/BushSegment/BushSegment1/bush_segment_1.fbx
  artifactKey: Guid(6e71488b17714744fbfee03f0de7e37c) Importer(815301076,1909f56bfc062723c751e8b465ee728b)
Start importing Assets/AlignedGames/Polygonal Foliage Asset Package/Art/Models/BushSegment/BushSegment1/bush_segment_1.fbx using Guid(6e71488b17714744fbfee03f0de7e37c) Importer(815301076,1909f56bfc062723c751e8b465ee728b)  -> (artifact id: '7397fd7e735342b05afc0976ae078f60') in 0.016500 seconds 
Editor requested this worker to shutdown with reason: Scaling down because of idle timeout
AssetImportWorker is now disconnected from the server
Process exiting
Exiting without the bug reporter. Application will terminate with return code 0