Using pre-set license
Built from '2021.3/staging' branch; Version is '2021.3.2f1 (d6360bedb9a0) revision 14038539'; Using compiler version '192829333'; Build Type 'Release'
OS: 'Windows 10  (10.0.19045) 64bit Professional' Language: 'ru' Physical Memory: 16106 MB
BatchMode: 1, IsHumanControllingUs: 0, StartBugReporterOnCrash: 0, Is64bit: 1, IsPro: 1

COMMAND LINE ARGUMENTS:
C:\Unity\2021.3.2f1\Editor\Unity.exe
-adb2
-batchMode
-noUpm
-name
AssetImportWorker1
-projectPath
C:/3unitXlab/test_xlab
-logFile
Logs/AssetImportWorker1.log
-srvPort
54938
Successfully changed project path to: C:/3unitXlab/test_xlab
C:/3unitXlab/test_xlab
[UnityMemory] Configuration Parameters - Can be set up in boot.config
    "memorysetup-bucket-allocator-granularity=16"
    "memorysetup-bucket-allocator-bucket-count=8"
    "memorysetup-bucket-allocator-block-size=33554432"
    "memorysetup-bucket-allocator-block-count=8"
    "memorysetup-main-allocator-block-size=16777216"
    "memorysetup-thread-allocator-block-size=16777216"
    "memorysetup-gfx-main-allocator-block-size=16777216"
    "memorysetup-gfx-thread-allocator-block-size=16777216"
    "memorysetup-cache-allocator-block-size=4194304"
    "memorysetup-typetree-allocator-block-size=2097152"
    "memorysetup-profiler-bucket-allocator-granularity=16"
    "memorysetup-profiler-bucket-allocator-bucket-count=8"
    "memorysetup-profiler-bucket-allocator-block-size=33554432"
    "memorysetup-profiler-bucket-allocator-block-count=8"
    "memorysetup-profiler-allocator-block-size=16777216"
    "memorysetup-profiler-editor-allocator-block-size=1048576"
    "memorysetup-temp-allocator-size-main=16777216"
    "memorysetup-job-temp-allocator-block-size=2097152"
    "memorysetup-job-temp-allocator-block-size-background=1048576"
    "memorysetup-job-temp-allocator-reduction-small-platforms=262144"
    "memorysetup-temp-allocator-size-background-worker=32768"
    "memorysetup-temp-allocator-size-job-worker=262144"
    "memorysetup-temp-allocator-size-preload-manager=33554432"
    "memorysetup-temp-allocator-size-nav-mesh-worker=65536"
    "memorysetup-temp-allocator-size-audio-worker=65536"
    "memorysetup-temp-allocator-size-cloud-worker=32768"
    "memorysetup-temp-allocator-size-gi-baking-worker=262144"
    "memorysetup-temp-allocator-size-gfx=262144"
Refreshing native plugins compatible for Editor in 43.54 ms, found 0 plugins.
Preloading 0 native plugins for Editor in 0.00 ms.
Initialize engine version: 2021.3.2f1 (d6360bedb9a0)
[Subsystems] Discovering subsystems at path C:/Unity/2021.3.2f1/Editor/Data/Resources/UnitySubsystems
[Subsystems] Discovering subsystems at path C:/3unitXlab/test_xlab/Assets
GfxDevice: creating device client; threaded=0; jobified=0
Direct3D:
    Version:  Direct3D 11.0 [level 11.1]
    Renderer: NVIDIA GeForce RTX 3050 Ti Laptop GPU (ID=0x25a0)
    Vendor:   NVIDIA
    VRAM:     3962 MB
    Driver:   32.0.15.9186
Initialize mono
Mono path[0] = 'C:/Unity/2021.3.2f1/Editor/Data/Managed'
Mono path[1] = 'C:/Unity/2021.3.2f1/Editor/Data/MonoBleedingEdge/lib/mono/unityjit-win32'
Mono config path = 'C:/Unity/2021.3.2f1/Editor/Data/MonoBleedingEdge/etc'
Using monoOptions --debugger-agent=transport=dt_socket,embedding=1,server=y,suspend=n,address=127.0.0.1:56424
Begin MonoManager ReloadAssembly
Registering precompiled unity dll's ...
Register platform support module: C:/Unity/2021.3.2f1/Editor/Data/PlaybackEngines/WebGLSupport/UnityEditor.WebGL.Extensions.dll
Register platform support module: C:/Unity/2021.3.2f1/Editor/Data/PlaybackEngines/AndroidPlayer/UnityEditor.Android.Extensions.dll
Register platform support module: C:/Unity/2021.3.2f1/Editor/Data/PlaybackEngines/iOSSupport/UnityEditor.iOS.Extensions.dll
Register platform support module: C:/Unity/2021.3.2f1/Editor/Data/PlaybackEngines/WindowsStandaloneSupport/UnityEditor.WindowsStandalone.Extensions.dll
Registered in 0.006730 seconds.
Native extension for WindowsStandalone target not found
[usbmuxd] Start listen thread
[usbmuxd] Listen thread started
Native extension for iOS target not found
Native extension for Android target not found
Native extension for WebGL target not found
Refreshing native plugins compatible for Editor in 19.85 ms, found 0 plugins.
Preloading 0 native plugins for Editor in 0.00 ms.
Mono: successfully reloaded assembly
- Completed reload, in  0.676 seconds
Domain Reload Profiling:
	ReloadAssembly (676ms)
		BeginReloadAssembly (81ms)
			ExecutionOrderSort (0ms)
			DisableScriptedObjects (0ms)
			BackupInstance (0ms)
			ReleaseScriptingObjects (0ms)
			CreateAndSetChildDomain (1ms)
		EndReloadAssembly (479ms)
			LoadAssemblies (80ms)
			RebuildTransferFunctionScriptingTraits (0ms)
			SetupTypeCache (151ms)
			ReleaseScriptCaches (0ms)
			RebuildScriptCaches (32ms)
			SetupLoadedEditorAssemblies (246ms)
				LogAssemblyErrors (0ms)
				InitializePlatformSupportModulesInManaged (73ms)
				SetLoadedEditorAssemblies (0ms)
				RefreshPlugins (20ms)
				BeforeProcessingInitializeOnLoad (1ms)
				ProcessInitializeOnLoadAttributes (111ms)
				ProcessInitializeOnLoadMethodAttributes (40ms)
				AfterProcessingInitializeOnLoad (0ms)
				EditorAssembliesLoaded (0ms)
			ExecutionOrderSort2 (0ms)
			AwakeInstancesAfterBackupRestoration (0ms)
Platform modules already initialized, skipping
Registering precompiled user dll's ...
Registered in 0.000397 seconds.
Begin MonoManager ReloadAssembly
Native extension for WindowsStandalone target not found
Native extension for iOS target not found
Native extension for Android target not found
Native extension for WebGL target not found
Refreshing native plugins compatible for Editor in 0.26 ms, found 0 plugins.
Preloading 0 native plugins for Editor in 0.00 ms.
Mono: successfully reloaded assembly
- Completed reload, in  0.839 seconds
Domain Reload Profiling:
	ReloadAssembly (840ms)
		BeginReloadAssembly (253ms)
			ExecutionOrderSort (0ms)
			DisableScriptedObjects (8ms)
			BackupInstance (0ms)
			ReleaseScriptingObjects (0ms)
			CreateAndSetChildDomain (138ms)
		EndReloadAssembly (484ms)
			LoadAssemblies (79ms)
			RebuildTransferFunctionScriptingTraits (0ms)
			SetupTypeCache (131ms)
			ReleaseScriptCaches (0ms)
			RebuildScriptCaches (46ms)
			SetupLoadedEditorAssemblies (191ms)
				LogAssemblyErrors (0ms)
				InitializePlatformSupportModulesInManaged (27ms)
				SetLoadedEditorAssemblies (1ms)
				RefreshPlugins (0ms)
				BeforeProcessingInitializeOnLoad (39ms)
				ProcessInitializeOnLoadAttributes (103ms)
				ProcessInitializeOnLoadMethodAttributes (13ms)
				AfterProcessingInitializeOnLoad (7ms)
				EditorAssembliesLoaded (0ms)
			ExecutionOrderSort2 (0ms)
			AwakeInstancesAfterBackupRestoration (5ms)
Platform modules already initialized, skipping
========================================================================
Worker process is ready to serve import requests
Launched and connected shader compiler UnityShaderCompiler.exe after 0.05 seconds
Refreshing native plugins compatible for Editor in 0.22 ms, found 0 plugins.
Preloading 0 native plugins for Editor in 0.00 ms.
Unloading 1041 Unused Serialized files (Serialized files now loaded: 0)
Unloading 9 unused Assets / (56.5 KB). Loaded Objects now: 1522.
Memory consumption went from 55.8 MB to 55.8 MB.
Total: 3.909600 ms (FindLiveObjects: 0.143200 ms CreateObjectMapping: 0.067800 ms MarkObjects: 3.580400 ms  DeleteObjects: 0.116000 ms)

AssetImportParameters requested are different than current active one (requested -> active):
  custom:video-decoder-ogg-theora: a1e56fd34408186e4bbccfd4996cb3dc -> 
  custom:container-muxer-webm: aa71ff27fc2769a1b78a27578f13a17b -> 
  custom:container-demuxer-webm: 4f35f7cbe854078d1ac9338744f61a02 -> 
  custom:video-encoder-webm-vp8: eb34c28f22e8b96e1ab97ce403110664 -> 
  custom:audio-encoder-webm-vorbis: bf7c407c2cedff20999df2af8eb42d56 -> 
  custom:framework-win-MediaFoundation: 216162199b28c13a410421893ffa2e32 -> 
  custom:container-demuxer-ogg: 62fdf1f143b41e24485cea50d1cbac27 -> 
  custom:video-decoder-webm-vp8: 9c59270c3fd7afecdb556c50c9e8de78 -> 
  custom:audio-decoder-ogg-vorbis: bf7c407c2cedff20999df2af8eb42d56 -> 
========================================================================
Received Import Request.
  Time since last request: 1773.796860 seconds.
  path: Assets/Scripts
  artifactKey: Guid(5c620128d0fb21541b2f717d150cf3c9) Importer(815301076,1909f56bfc062723c751e8b465ee728b)
Start importing Assets/Scripts using Guid(5c620128d0fb21541b2f717d150cf3c9) Importer(815301076,1909f56bfc062723c751e8b465ee728b)  -> (artifact id: '0f9f29a7664deee12cd828cd0175b077') in 0.006373 seconds 
========================================================================
Received Prepare
Registering precompiled user dll's ...
Registered in 0.000617 seconds.
Begin MonoManager ReloadAssembly
Native extension for WindowsStandalone target not found
Native extension for iOS target not found
Native extension for Android target not found
Native extension for WebGL target not found
Refreshing native plugins compatible for Editor in 0.58 ms, found 0 plugins.
Preloading 0 native plugins for Editor in 0.00 ms.
Mono: successfully reloaded assembly
- Completed reload, in  0.758 seconds
Domain Reload Profiling:
	ReloadAssembly (759ms)
		BeginReloadAssembly (136ms)
			ExecutionOrderSort (0ms)
			DisableScriptedObjects (6ms)
			BackupInstance (0ms)
			ReleaseScriptingObjects (0ms)
			CreateAndSetChildDomain (25ms)
		EndReloadAssembly (510ms)
			LoadAssemblies (86ms)
			RebuildTransferFunctionScriptingTraits (0ms)
			SetupTypeCache (128ms)
			ReleaseScriptCaches (1ms)
			RebuildScriptCaches (26ms)
			SetupLoadedEditorAssemblies (242ms)
				LogAssemblyErrors (0ms)
				InitializePlatformSupportModulesInManaged (39ms)
				SetLoadedEditorAssemblies (1ms)
				RefreshPlugins (1ms)
				BeforeProcessingInitializeOnLoad (36ms)
				ProcessInitializeOnLoadAttributes (130ms)
				ProcessInitializeOnLoadMethodAttributes (29ms)
				AfterProcessingInitializeOnLoad (7ms)
				EditorAssembliesLoaded (0ms)
			ExecutionOrderSort2 (0ms)
			AwakeInstancesAfterBackupRestoration (6ms)
Platform modules already initialized, skipping
Refreshing native plugins compatible for Editor in 0.44 ms, found 0 plugins.
Preloading 0 native plugins for Editor in 0.00 ms.
Unloading 1034 Unused Serialized files (Serialized files now loaded: 0)
Unloading 2 unused Assets / (24.6 KB). Loaded Objects now: 1526.
Memory consumption went from 55.4 MB to 55.3 MB.
Total: 2.759200 ms (FindLiveObjects: 0.132600 ms CreateObjectMapping: 0.032700 ms MarkObjects: 2.579100 ms  DeleteObjects: 0.013800 ms)

AssetImportParameters requested are different than current active one (requested -> active):
  custom:video-decoder-ogg-theora: a1e56fd34408186e4bbccfd4996cb3dc -> 
  custom:container-muxer-webm: aa71ff27fc2769a1b78a27578f13a17b -> 
  custom:container-demuxer-webm: 4f35f7cbe854078d1ac9338744f61a02 -> 
  custom:video-encoder-webm-vp8: eb34c28f22e8b96e1ab97ce403110664 -> 
  custom:audio-encoder-webm-vorbis: bf7c407c2cedff20999df2af8eb42d56 -> 
  custom:framework-win-MediaFoundation: 216162199b28c13a410421893ffa2e32 -> 
  custom:container-demuxer-ogg: 62fdf1f143b41e24485cea50d1cbac27 -> 
  custom:video-decoder-webm-vp8: 9c59270c3fd7afecdb556c50c9e8de78 -> 
  custom:audio-decoder-ogg-vorbis: bf7c407c2cedff20999df2af8eb42d56 -> 
========================================================================
Received Import Request.
  Time since last request: 43.594990 seconds.
  path: Assets/Scripts/NewBehaviourScript.cs
  artifactKey: Guid(f3a71399a61b14849be121c8c6c1ee5e) Importer(815301076,1909f56bfc062723c751e8b465ee728b)
Start importing Assets/Scripts/NewBehaviourScript.cs using Guid(f3a71399a61b14849be121c8c6c1ee5e) Importer(815301076,1909f56bfc062723c751e8b465ee728b)  -> (artifact id: '3dbc4b04bbc25a3b6e1b54d7758e0504') in 0.023417 seconds 
========================================================================
Received Prepare
Registering precompiled user dll's ...
Registered in 0.000294 seconds.
Begin MonoManager ReloadAssembly
Native extension for WindowsStandalone target not found
Native extension for iOS target not found
Native extension for Android target not found
Native extension for WebGL target not found
Refreshing native plugins compatible for Editor in 0.33 ms, found 0 plugins.
Preloading 0 native plugins for Editor in 0.00 ms.
Mono: successfully reloaded assembly
- Completed reload, in  0.759 seconds
Domain Reload Profiling:
	ReloadAssembly (760ms)
		BeginReloadAssembly (113ms)
			ExecutionOrderSort (0ms)
			DisableScriptedObjects (5ms)
			BackupInstance (0ms)
			ReleaseScriptingObjects (0ms)
			CreateAndSetChildDomain (28ms)
		EndReloadAssembly (534ms)
			LoadAssemblies (57ms)
			RebuildTransferFunctionScriptingTraits (0ms)
			SetupTypeCache (154ms)
			ReleaseScriptCaches (1ms)
			RebuildScriptCaches (39ms)
			SetupLoadedEditorAssemblies (234ms)
				LogAssemblyErrors (0ms)
				InitializePlatformSupportModulesInManaged (46ms)
				SetLoadedEditorAssemblies (0ms)
				RefreshPlugins (0ms)
				BeforeProcessingInitializeOnLoad (53ms)
				ProcessInitializeOnLoadAttributes (106ms)
				ProcessInitializeOnLoadMethodAttributes (22ms)
				AfterProcessingInitializeOnLoad (6ms)
				EditorAssembliesLoaded (0ms)
			ExecutionOrderSort2 (0ms)
			AwakeInstancesAfterBackupRestoration (6ms)
Platform modules already initialized, skipping
Refreshing native plugins compatible for Editor in 0.39 ms, found 0 plugins.
Preloading 0 native plugins for Editor in 0.00 ms.
Unloading 1034 Unused Serialized files (Serialized files now loaded: 0)
Unloading 2 unused Assets / (24.6 KB). Loaded Objects now: 1529.
Memory consumption went from 55.4 MB to 55.4 MB.
Total: 1.870200 ms (FindLiveObjects: 0.090300 ms CreateObjectMapping: 0.019800 ms MarkObjects: 1.746800 ms  DeleteObjects: 0.012400 ms)

AssetImportParameters requested are different than current active one (requested -> active):
  custom:video-decoder-ogg-theora: a1e56fd34408186e4bbccfd4996cb3dc -> 
  custom:container-muxer-webm: aa71ff27fc2769a1b78a27578f13a17b -> 
  custom:container-demuxer-webm: 4f35f7cbe854078d1ac9338744f61a02 -> 
  custom:video-encoder-webm-vp8: eb34c28f22e8b96e1ab97ce403110664 -> 
  custom:audio-encoder-webm-vorbis: bf7c407c2cedff20999df2af8eb42d56 -> 
  custom:framework-win-MediaFoundation: 216162199b28c13a410421893ffa2e32 -> 
  custom:container-demuxer-ogg: 62fdf1f143b41e24485cea50d1cbac27 -> 
  custom:video-decoder-webm-vp8: 9c59270c3fd7afecdb556c50c9e8de78 -> 
  custom:audio-decoder-ogg-vorbis: bf7c407c2cedff20999df2af8eb42d56 -> 
========================================================================
Received Import Request.
  Time since last request: 7886.569538 seconds.
  path: Assets/Kevin Iglesias/Villager Animations/Models/Buildings/BuildingCamp.fbx
  artifactKey: Guid(68680bbd2b35e5149aab34bbbca8cf3c) Importer(815301076,1909f56bfc062723c751e8b465ee728b)
Start importing Assets/Kevin Iglesias/Villager Animations/Models/Buildings/BuildingCamp.fbx using Guid(68680bbd2b35e5149aab34bbbca8cf3c) Importer(815301076,1909f56bfc062723c751e8b465ee728b)  -> (artifact id: '60ef33ea1bcd6fd8719aaddefdfb7208') in 0.235121 seconds 
========================================================================
Received Import Request.
  Time since last request: 0.000020 seconds.
  path: Assets/AlignedGames/Polygonal Foliage Asset Package/Art/Models/Bushes/Bush10/bush_10.fbx
  artifactKey: Guid(56423057ff283874e9a1025c8de6179a) Importer(815301076,1909f56bfc062723c751e8b465ee728b)
Start importing Assets/AlignedGames/Polygonal Foliage Asset Package/Art/Models/Bushes/Bush10/bush_10.fbx using Guid(56423057ff283874e9a1025c8de6179a) Importer(815301076,1909f56bfc062723c751e8b465ee728b)  -> (artifact id: '1f20e697fbf48dd90eaf0419d8d2e0f9') in 0.038171 seconds 
========================================================================
Received Import Request.
  Time since last request: 0.000087 seconds.
  path: Assets/AlignedGames/Polygonal Foliage Asset Package/Art/Models/Bushes/Bush3/bush_3.fbx
  artifactKey: Guid(836b2fd6f6646fc47b105938f7f91f19) Importer(815301076,1909f56bfc062723c751e8b465ee728b)
Start importing Assets/AlignedGames/Polygonal Foliage Asset Package/Art/Models/Bushes/Bush3/bush_3.fbx using Guid(836b2fd6f6646fc47b105938f7f91f19) Importer(815301076,1909f56bfc062723c751e8b465ee728b)  -> (artifact id: '395620e35a888eb60b286b1367d4105e') in 0.039932 seconds 
========================================================================
Received Import Request.
  Time since last request: 0.000054 seconds.
  path: Assets/AlignedGames/Polygonal Foliage Asset Package/Art/Models/Bushes/Bush7/bush_7.fbx
  artifactKey: Guid(ed9c125e67105a74e814dd5fa19b75e2) Importer(815301076,1909f56bfc062723c751e8b465ee728b)
Start importing Assets/AlignedGames/Polygonal Foliage Asset Package/Art/Models/Bushes/Bush7/bush_7.fbx using Guid(ed9c125e67105a74e814dd5fa19b75e2) Importer(815301076,1909f56bfc062723c751e8b465ee728b)  -> (artifact id: '5c283f00613f2fb4325f5c2d54278e6f') in 0.025469 seconds 
========================================================================
Received Import Request.
  Time since last request: 0.000035 seconds.
  path: Assets/AlignedGames/Polygonal Foliage Asset Package/Art/Models/Logs/Log1/log_1.fbx
  artifactKey: Guid(43720d3961a22e44d9fa37b32d2046dd) Importer(815301076,1909f56bfc062723c751e8b465ee728b)
Start importing Assets/AlignedGames/Polygonal Foliage Asset Package/Art/Models/Logs/Log1/log_1.fbx using Guid(43720d3961a22e44d9fa37b32d2046dd) Importer(815301076,1909f56bfc062723c751e8b465ee728b)  -> (artifact id: '9059cea177363477e1891d7e36eacf06') in 0.021763 seconds 
========================================================================
Received Import Request.
  Time since last request: 0.000021 seconds.
  path: Assets/AlignedGames/Polygonal Foliage Asset Package/Art/Models/Bushes/Bush5/bush_5.fbx
  artifactKey: Guid(a049d842effa0f54196f5cb776e4cc75) Importer(815301076,1909f56bfc062723c751e8b465ee728b)
Start importing Assets/AlignedGames/Polygonal Foliage Asset Package/Art/Models/Bushes/Bush5/bush_5.fbx using Guid(a049d842effa0f54196f5cb776e4cc75) Importer(815301076,1909f56bfc062723c751e8b465ee728b)  -> (artifact id: 'f548f8cf11a3228d9816adc9cdb4c7c0') in 0.021157 seconds 
========================================================================
Received Import Request.
  Time since last request: 0.000031 seconds.
  path: Assets/AlignedGames/Polygonal Foliage Asset Package/Art/Models/Bushes/Bush9/bush_9.fbx
  artifactKey: Guid(52718464a9aead341a730988b0780b03) Importer(815301076,1909f56bfc062723c751e8b465ee728b)
Start importing Assets/AlignedGames/Polygonal Foliage Asset Package/Art/Models/Bushes/Bush9/bush_9.fbx using Guid(52718464a9aead341a730988b0780b03) Importer(815301076,1909f56bfc062723c751e8b465ee728b)  -> (artifact id: '69a7397ef7862900165f2ffb32b1b09f') in 0.034817 seconds 
========================================================================
Received Import Request.
  Time since last request: 0.000017 seconds.
  path: Assets/AlignedGames/Polygonal Foliage Asset Package/Art/Materials/atlass_1_2.mat
  artifactKey: Guid(8e6f7b24df38b1c4db797b100135d36e) Importer(815301076,1909f56bfc062723c751e8b465ee728b)
Start importing Assets/AlignedGames/Polygonal Foliage Asset Package/Art/Materials/atlass_1_2.mat using Guid(8e6f7b24df38b1c4db797b100135d36e) Importer(815301076,1909f56bfc062723c751e8b465ee728b)  -> (artifact id: '05dfd5ea39cd2645677066def385cdaa') in 0.044650 seconds 
========================================================================
Received Import Request.
  Time since last request: 0.000087 seconds.
  path: Assets/RPGPP_LT/Materials/rpgpp_lt_mat_a.mat
  artifactKey: Guid(58d53420af384224ea4cfee8973d18cb) Importer(815301076,1909f56bfc062723c751e8b465ee728b)
Start importing Assets/RPGPP_LT/Materials/rpgpp_lt_mat_a.mat using Guid(58d53420af384224ea4cfee8973d18cb) Importer(815301076,1909f56bfc062723c751e8b465ee728b)  -> (artifact id: '251de9e059b3ba9a5d1c1120dc02b88b') in 0.012006 seconds 
========================================================================
Received Import Request.
  Time since last request: 0.000024 seconds.
  path: Assets/AlignedGames/Polygonal Foliage Asset Package/Art/Models/Cliffs/Cliff1/cliff_1.fbx
  artifactKey: Guid(d14e9e1099a52d24e9717f38fc099bf3) Importer(815301076,1909f56bfc062723c751e8b465ee728b)
Start importing Assets/AlignedGames/Polygonal Foliage Asset Package/Art/Models/Cliffs/Cliff1/cliff_1.fbx using Guid(d14e9e1099a52d24e9717f38fc099bf3) Importer(815301076,1909f56bfc062723c751e8b465ee728b)  -> (artifact id: '0d9d31850c7a01fb41555a4e3167bd13') in 0.018506 seconds 
========================================================================
Received Import Request.
  Time since last request: 0.000135 seconds.
  path: Assets/Materials/New Material.mat
  artifactKey: Guid(dd6ab47a42262d14d8d6f7bef5481377) Importer(815301076,1909f56bfc062723c751e8b465ee728b)
Start importing Assets/Materials/New Material.mat using Guid(dd6ab47a42262d14d8d6f7bef5481377) Importer(815301076,1909f56bfc062723c751e8b465ee728b)  -> (artifact id: '50bb783742ad5111a9ca1fd8736d0963') in 0.011759 seconds 
========================================================================
Received Import Request.
  Time since last request: 0.000024 seconds.
  path: Assets/AlignedGames/Polygonal Foliage Asset Package/Art/Models/Bushes/Bush6/bush_6.fbx
  artifactKey: Guid(9f99fffde8da15f488229ffa13e667a4) Importer(815301076,1909f56bfc062723c751e8b465ee728b)
Start importing Assets/AlignedGames/Polygonal Foliage Asset Package/Art/Models/Bushes/Bush6/bush_6.fbx using Guid(9f99fffde8da15f488229ffa13e667a4) Importer(815301076,1909f56bfc062723c751e8b465ee728b)  -> (artifact id: '3b05bbf8633473c694c3f6e4431b9600') in 0.021119 seconds 
========================================================================
Received Import Request.
  Time since last request: 0.000020 seconds.
  path: Assets/AlignedGames/Polygonal Foliage Asset Package/Art/Models/Rocks/Rock18/rock_18.fbx
  artifactKey: Guid(385e49cd155c8d947ae5eaec63d7f50d) Importer(815301076,1909f56bfc062723c751e8b465ee728b)
Start importing Assets/AlignedGames/Polygonal Foliage Asset Package/Art/Models/Rocks/Rock18/rock_18.fbx using Guid(385e49cd155c8d947ae5eaec63d7f50d) Importer(815301076,1909f56bfc062723c751e8b465ee728b)  -> (artifact id: '045966128452efb6101a263d745fc870') in 0.025482 seconds 
========================================================================
Received Import Request.
  Time since last request: 0.000034 seconds.
  path: Assets/Kevin Iglesias/Villager Animations/Materials/VillagerMaterial.mat
  artifactKey: Guid(8f772b3b80bbe084eb02b378f58b4551) Importer(815301076,1909f56bfc062723c751e8b465ee728b)
Start importing Assets/Kevin Iglesias/Villager Animations/Materials/VillagerMaterial.mat using Guid(8f772b3b80bbe084eb02b378f58b4551) Importer(815301076,1909f56bfc062723c751e8b465ee728b)  -> (artifact id: 'aca7e9eb4863261941a54842076de82c') in 0.086575 seconds 
========================================================================
Received Import Request.
  Time since last request: 0.000019 seconds.
  path: Assets/AlignedGames/Polygonal Foliage Asset Package/Art/Models/CombinedAssets/CombinedAssets1/combined_assets_1.fbx
  artifactKey: Guid(d58aab12781feca4baaee1fc5355ed43) Importer(815301076,1909f56bfc062723c751e8b465ee728b)
Start importing Assets/AlignedGames/Polygonal Foliage Asset Package/Art/Models/CombinedAssets/CombinedAssets1/combined_assets_1.fbx using Guid(d58aab12781feca4baaee1fc5355ed43) Importer(815301076,1909f56bfc062723c751e8b465ee728b)  -> (artifact id: 'dad6c29d1611fca2949a79b3ce223193') in 0.054088 seconds 
========================================================================
Received Import Request.
  Time since last request: 0.000037 seconds.
  path: Assets/AlignedGames/Polygonal Foliage Asset Package/Art/Models/Cliffs/Cliff3/cliff_3.fbx
  artifactKey: Guid(35bcdd19e8ab0154f8067cebde611a1f) Importer(815301076,1909f56bfc062723c751e8b465ee728b)
Start importing Assets/AlignedGames/Polygonal Foliage Asset Package/Art/Models/Cliffs/Cliff3/cliff_3.fbx using Guid(35bcdd19e8ab0154f8067cebde611a1f) Importer(815301076,1909f56bfc062723c751e8b465ee728b)  -> (artifact id: 'ef63ba6f95a9a75a1c71e402c16636fb') in 0.024019 seconds 
========================================================================
Received Import Request.
  Time since last request: 0.000018 seconds.
  path: Assets/AlignedGames/Polygonal Foliage Asset Package/Art/Models/Bushes/Bush1/bush_1.fbx
  artifactKey: Guid(c79853d1a22a5cb49b15a3715056104d) Importer(815301076,1909f56bfc062723c751e8b465ee728b)
Start importing Assets/AlignedGames/Polygonal Foliage Asset Package/Art/Models/Bushes/Bush1/bush_1.fbx using Guid(c79853d1a22a5cb49b15a3715056104d) Importer(815301076,1909f56bfc062723c751e8b465ee728b)  -> (artifact id: 'bd585cda7a04c25a84a9d9254fa8f700') in 0.016942 seconds 
========================================================================
Received Import Request.
  Time since last request: 0.000019 seconds.
  path: Assets/AlignedGames/Polygonal Foliage Asset Package/Art/Models/Bushes/Bush8/bush_8.fbx
  artifactKey: Guid(c023717c218ada148b43bd218b69a339) Importer(815301076,1909f56bfc062723c751e8b465ee728b)
Start importing Assets/AlignedGames/Polygonal Foliage Asset Package/Art/Models/Bushes/Bush8/bush_8.fbx using Guid(c023717c218ada148b43bd218b69a339) Importer(815301076,1909f56bfc062723c751e8b465ee728b)  -> (artifact id: '1836f04c057b3015880cb8f8e030ee5f') in 0.018562 seconds 
========================================================================
Received Import Request.
  Time since last request: 0.000023 seconds.
  path: Assets/AlignedGames/Polygonal Foliage Asset Package/Art/Models/Clouds/Cloud2/cloud_2.fbx
  artifactKey: Guid(eab4f5cf4ff0a2a419147171a716df2a) Importer(815301076,1909f56bfc062723c751e8b465ee728b)
Start importing Assets/AlignedGames/Polygonal Foliage Asset Package/Art/Models/Clouds/Cloud2/cloud_2.fbx using Guid(eab4f5cf4ff0a2a419147171a716df2a) Importer(815301076,1909f56bfc062723c751e8b465ee728b)  -> (artifact id: '473f54ca63396fdb6c862435b918efba') in 0.018742 seconds 
========================================================================
Received Import Request.
  Time since last request: 0.000018 seconds.
  path: Assets/AlignedGames/Polygonal Foliage Asset Package/Art/Models/BushSegment/Bush_Segment2/bush_segment_2.fbx
  artifactKey: Guid(a6045efc565f9d148b1c830b677421c8) Importer(815301076,1909f56bfc062723c751e8b465ee728b)
Start importing Assets/AlignedGames/Polygonal Foliage Asset Package/Art/Models/BushSegment/Bush_Segment2/bush_segment_2.fbx using Guid(a6045efc565f9d148b1c830b677421c8) Importer(815301076,1909f56bfc062723c751e8b465ee728b)  -> (artifact id: 'cd5e5b308968c7910a1e05bef534c3cf') in 0.018991 seconds 
========================================================================
Received Import Request.
  Time since last request: 0.000030 seconds.
  path: Assets/AlignedGames/Polygonal Foliage Asset Package/Art/Models/Grass/Grass2/grass_2.fbx
  artifactKey: Guid(05083f8fdf6ccc144844440b95ef1597) Importer(815301076,1909f56bfc062723c751e8b465ee728b)
Start importing Assets/AlignedGames/Polygonal Foliage Asset Package/Art/Models/Grass/Grass2/grass_2.fbx using Guid(05083f8fdf6ccc144844440b95ef1597) Importer(815301076,1909f56bfc062723c751e8b465ee728b)  -> (artifact id: '5894b94b415c497fbf46aff83f4d402c') in 0.018601 seconds 
========================================================================
Received Import Request.
  Time since last request: 0.000025 seconds.
  path: Assets/AlignedGames/Polygonal Foliage Asset Package/Art/Models/Flowers/Flower1/flower_1.fbx
  artifactKey: Guid(9ce980118ecc6b746a726d933f607ec4) Importer(815301076,1909f56bfc062723c751e8b465ee728b)
Start importing Assets/AlignedGames/Polygonal Foliage Asset Package/Art/Models/Flowers/Flower1/flower_1.fbx using Guid(9ce980118ecc6b746a726d933f607ec4) Importer(815301076,1909f56bfc062723c751e8b465ee728b)  -> (artifact id: '10d2a6efd5bd1c171d2743700e1d5e1c') in 0.018131 seconds 
========================================================================
Received Import Request.
  Time since last request: 0.000061 seconds.
  path: Assets/AlignedGames/Polygonal Foliage Asset Package/Art/Models/Cliffs/Cliff9/cliff_9.fbx
  artifactKey: Guid(b5193c4104a19964a88080b586933547) Importer(815301076,1909f56bfc062723c751e8b465ee728b)
Start importing Assets/AlignedGames/Polygonal Foliage Asset Package/Art/Models/Cliffs/Cliff9/cliff_9.fbx using Guid(b5193c4104a19964a88080b586933547) Importer(815301076,1909f56bfc062723c751e8b465ee728b)  -> (artifact id: '62a6a9eeb517fa75e724a3c95c23cb6f') in 0.018004 seconds 
========================================================================
Received Import Request.
  Time since last request: 0.000023 seconds.
  path: Assets/AlignedGames/Polygonal Foliage Asset Package/Art/Models/Debris/Debris4/debris_4.fbx
  artifactKey: Guid(2d534371cee744540a503b0c05f15c73) Importer(815301076,1909f56bfc062723c751e8b465ee728b)
Start importing Assets/AlignedGames/Polygonal Foliage Asset Package/Art/Models/Debris/Debris4/debris_4.fbx using Guid(2d534371cee744540a503b0c05f15c73) Importer(815301076,1909f56bfc062723c751e8b465ee728b)  -> (artifact id: '07a0fc3118f71cdab341bf48a48cfd77') in 0.015547 seconds 
========================================================================
Received Import Request.
  Time since last request: 0.000023 seconds.
  path: Assets/AlignedGames/Polygonal Foliage Asset Package/Art/Models/BushSegment/BushSegment3/bush_segment_3.fbx
  artifactKey: Guid(dcc1aa9fe9e1cf04ca8dd7ca644aa764) Importer(815301076,1909f56bfc062723c751e8b465ee728b)
Start importing Assets/AlignedGames/Polygonal Foliage Asset Package/Art/Models/BushSegment/BushSegment3/bush_segment_3.fbx using Guid(dcc1aa9fe9e1cf04ca8dd7ca644aa764) Importer(815301076,1909f56bfc062723c751e8b465ee728b)  -> (artifact id: '7805b3a143b4648541088c61c60ce597') in 0.015561 seconds 
========================================================================
Received Prepare
Registering precompiled user dll's ...
Registered in 0.000330 seconds.
Begin MonoManager ReloadAssembly
Native extension for WindowsStandalone target not found
Native extension for iOS target not found
Native extension for Android target not found
Native extension for WebGL target not found
Refreshing native plugins compatible for Editor in 0.27 ms, found 0 plugins.
Preloading 0 native plugins for Editor in 0.00 ms.
Mono: successfully reloaded assembly
- Completed reload, in  0.764 seconds
Domain Reload Profiling:
	ReloadAssembly (765ms)
		BeginReloadAssembly (139ms)
			ExecutionOrderSort (0ms)
			DisableScriptedObjects (6ms)
			BackupInstance (0ms)
			ReleaseScriptingObjects (0ms)
			CreateAndSetChildDomain (42ms)
		EndReloadAssembly (542ms)
			LoadAssemblies (72ms)
			RebuildTransferFunctionScriptingTraits (0ms)
			SetupTypeCache (160ms)
			ReleaseScriptCaches (1ms)
			RebuildScriptCaches (34ms)
			SetupLoadedEditorAssemblies (229ms)
				LogAssemblyErrors (0ms)
				InitializePlatformSupportModulesInManaged (36ms)
				SetLoadedEditorAssemblies (0ms)
				RefreshPlugins (0ms)
				BeforeProcessingInitializeOnLoad (53ms)
				ProcessInitializeOnLoadAttributes (114ms)
				ProcessInitializeOnLoadMethodAttributes (21ms)
				AfterProcessingInitializeOnLoad (4ms)
				EditorAssembliesLoaded (0ms)
			ExecutionOrderSort2 (0ms)
			AwakeInstancesAfterBackupRestoration (5ms)
Platform modules already initialized, skipping
Refreshing native plugins compatible for Editor in 0.36 ms, found 0 plugins.
Preloading 0 native plugins for Editor in 0.00 ms.
Unloading 1034 Unused Serialized files (Serialized files now loaded: 0)
Unloading 3 unused Assets / (24.6 KB). Loaded Objects now: 1575.
Memory consumption went from 59.8 MB to 59.7 MB.
Total: 2.145900 ms (FindLiveObjects: 0.101700 ms CreateObjectMapping: 0.021900 ms MarkObjects: 2.008900 ms  DeleteObjects: 0.012500 ms)

AssetImportParameters requested are different than current active one (requested -> active):
  custom:video-decoder-ogg-theora: a1e56fd34408186e4bbccfd4996cb3dc -> 
  custom:container-muxer-webm: aa71ff27fc2769a1b78a27578f13a17b -> 
  custom:container-demuxer-webm: 4f35f7cbe854078d1ac9338744f61a02 -> 
  custom:video-encoder-webm-vp8: eb34c28f22e8b96e1ab97ce403110664 -> 
  custom:audio-encoder-webm-vorbis: bf7c407c2cedff20999df2af8eb42d56 -> 
  custom:framework-win-MediaFoundation: 216162199b28c13a410421893ffa2e32 -> 
  custom:container-demuxer-ogg: 62fdf1f143b41e24485cea50d1cbac27 -> 
  custom:video-decoder-webm-vp8: 9c59270c3fd7afecdb556c50c9e8de78 -> 
  custom:audio-decoder-ogg-vorbis: bf7c407c2cedff20999df2af8eb42d56 -> 
========================================================================
Received Prepare
Registering precompiled user dll's ...
Registered in 0.000404 seconds.
Begin MonoManager ReloadAssembly
Native extension for WindowsStandalone target not found
Native extension for iOS target not found
Native extension for Android target not found
Native extension for WebGL target not found
Refreshing native plugins compatible for Editor in 0.28 ms, found 0 plugins.
Preloading 0 native plugins for Editor in 0.00 ms.
Mono: successfully reloaded assembly
- Completed reload, in  0.745 seconds
Domain Reload Profiling:
	ReloadAssembly (746ms)
		BeginReloadAssembly (131ms)
			ExecutionOrderSort (0ms)
			DisableScriptedObjects (6ms)
			BackupInstance (0ms)
			ReleaseScriptingObjects (0ms)
			CreateAndSetChildDomain (27ms)
		EndReloadAssembly (502ms)
			LoadAssemblies (74ms)
			RebuildTransferFunctionScriptingTraits (0ms)
			SetupTypeCache (146ms)
			ReleaseScriptCaches (1ms)
			RebuildScriptCaches (37ms)
			SetupLoadedEditorAssemblies (211ms)
				LogAssemblyErrors (0ms)
				InitializePlatformSupportModulesInManaged (32ms)
				SetLoadedEditorAssemblies (1ms)
				RefreshPlugins (0ms)
				BeforeProcessingInitializeOnLoad (44ms)
				ProcessInitializeOnLoadAttributes (113ms)
				ProcessInitializeOnLoadMethodAttributes (15ms)
				AfterProcessingInitializeOnLoad (6ms)
				EditorAssembliesLoaded (0ms)
			ExecutionOrderSort2 (0ms)
			AwakeInstancesAfterBackupRestoration (7ms)
Platform modules already initialized, skipping
Refreshing native plugins compatible for Editor in 0.38 ms, found 0 plugins.
Preloading 0 native plugins for Editor in 0.00 ms.
Unloading 1031 Unused Serialized files (Serialized files now loaded: 0)
Unloading 5 unused Assets / (24.6 KB). Loaded Objects now: 1575.
Memory consumption went from 59.7 MB to 59.7 MB.
Total: 2.583400 ms (FindLiveObjects: 0.104000 ms CreateObjectMapping: 0.022400 ms MarkObjects: 2.444500 ms  DeleteObjects: 0.011200 ms)

AssetImportParameters requested are different than current active one (requested -> active):
  custom:video-decoder-ogg-theora: a1e56fd34408186e4bbccfd4996cb3dc -> 
  custom:container-muxer-webm: aa71ff27fc2769a1b78a27578f13a17b -> 
  custom:container-demuxer-webm: 4f35f7cbe854078d1ac9338744f61a02 -> 
  custom:video-encoder-webm-vp8: eb34c28f22e8b96e1ab97ce403110664 -> 
  custom:audio-encoder-webm-vorbis: bf7c407c2cedff20999df2af8eb42d56 -> 
  custom:framework-win-MediaFoundation: 216162199b28c13a410421893ffa2e32 -> 
  custom:container-demuxer-ogg: 62fdf1f143b41e24485cea50d1cbac27 -> 
  custom:video-decoder-webm-vp8: 9c59270c3fd7afecdb556c50c9e8de78 -> 
  custom:audio-decoder-ogg-vorbis: bf7c407c2cedff20999df2af8eb42d56 -> 
========================================================================
Received Prepare
Registering precompiled user dll's ...
Registered in 0.000291 seconds.
Begin MonoManager ReloadAssembly
Native extension for WindowsStandalone target not found
Native extension for iOS target not found
Native extension for Android target not found
Native extension for WebGL target not found
Refreshing native plugins compatible for Editor in 0.19 ms, found 0 plugins.
Preloading 0 native plugins for Editor in 0.00 ms.
Mono: successfully reloaded assembly
- Completed reload, in  0.772 seconds
Domain Reload Profiling:
	ReloadAssembly (773ms)
		BeginReloadAssembly (162ms)
			ExecutionOrderSort (0ms)
			DisableScriptedObjects (7ms)
			BackupInstance (0ms)
			ReleaseScriptingObjects (0ms)
			CreateAndSetChildDomain (40ms)
		EndReloadAssembly (512ms)
			LoadAssemblies (80ms)
			RebuildTransferFunctionScriptingTraits (0ms)
			SetupTypeCache (137ms)
			ReleaseScriptCaches (1ms)
			RebuildScriptCaches (36ms)
			SetupLoadedEditorAssemblies (224ms)
				LogAssemblyErrors (0ms)
				InitializePlatformSupportModulesInManaged (35ms)
				SetLoadedEditorAssemblies (0ms)
				RefreshPlugins (0ms)
				BeforeProcessingInitializeOnLoad (48ms)
				ProcessInitializeOnLoadAttributes (112ms)
				ProcessInitializeOnLoadMethodAttributes (23ms)
				AfterProcessingInitializeOnLoad (7ms)
				EditorAssembliesLoaded (0ms)
			ExecutionOrderSort2 (0ms)
			AwakeInstancesAfterBackupRestoration (6ms)
Platform modules already initialized, skipping
Refreshing native plugins compatible for Editor in 0.39 ms, found 0 plugins.
Preloading 0 native plugins for Editor in 0.00 ms.
Unloading 1030 Unused Serialized files (Serialized files now loaded: 0)
Unloading 3 unused Assets / (24.7 KB). Loaded Objects now: 1577.
Memory consumption went from 59.7 MB to 59.7 MB.
Total: 2.507300 ms (FindLiveObjects: 0.099700 ms CreateObjectMapping: 0.024800 ms MarkObjects: 2.371600 ms  DeleteObjects: 0.010400 ms)

AssetImportParameters requested are different than current active one (requested -> active):
  custom:video-decoder-ogg-theora: a1e56fd34408186e4bbccfd4996cb3dc -> 
  custom:container-muxer-webm: aa71ff27fc2769a1b78a27578f13a17b -> 
  custom:container-demuxer-webm: 4f35f7cbe854078d1ac9338744f61a02 -> 
  custom:video-encoder-webm-vp8: eb34c28f22e8b96e1ab97ce403110664 -> 
  custom:audio-encoder-webm-vorbis: bf7c407c2cedff20999df2af8eb42d56 -> 
  custom:framework-win-MediaFoundation: 216162199b28c13a410421893ffa2e32 -> 
  custom:container-demuxer-ogg: 62fdf1f143b41e24485cea50d1cbac27 -> 
  custom:video-decoder-webm-vp8: 9c59270c3fd7afecdb556c50c9e8de78 -> 
  custom:audio-decoder-ogg-vorbis: bf7c407c2cedff20999df2af8eb42d56 -> 
========================================================================
Received Prepare
Registering precompiled user dll's ...
Registered in 0.000494 seconds.
Begin MonoManager ReloadAssembly
Native extension for WindowsStandalone target not found
Native extension for iOS target not found
Native extension for Android target not found
Native extension for WebGL target not found
Refreshing native plugins compatible for Editor in 0.22 ms, found 0 plugins.
Preloading 0 native plugins for Editor in 0.00 ms.
Mono: successfully reloaded assembly
- Completed reload, in  0.698 seconds
Domain Reload Profiling:
	ReloadAssembly (699ms)
		BeginReloadAssembly (134ms)
			ExecutionOrderSort (0ms)
			DisableScriptedObjects (6ms)
			BackupInstance (0ms)
			ReleaseScriptingObjects (0ms)
			CreateAndSetChildDomain (29ms)
		EndReloadAssembly (461ms)
			LoadAssemblies (73ms)
			RebuildTransferFunctionScriptingTraits (0ms)
			SetupTypeCache (143ms)
			ReleaseScriptCaches (1ms)
			RebuildScriptCaches (34ms)
			SetupLoadedEditorAssemblies (187ms)
				LogAssemblyErrors (0ms)
				InitializePlatformSupportModulesInManaged (28ms)
				SetLoadedEditorAssemblies (0ms)
				RefreshPlugins (0ms)
				BeforeProcessingInitializeOnLoad (33ms)
				ProcessInitializeOnLoadAttributes (95ms)
				ProcessInitializeOnLoadMethodAttributes (21ms)
				AfterProcessingInitializeOnLoad (9ms)
				EditorAssembliesLoaded (0ms)
			ExecutionOrderSort2 (0ms)
			AwakeInstancesAfterBackupRestoration (6ms)
Platform modules already initialized, skipping
Refreshing native plugins compatible for Editor in 0.41 ms, found 0 plugins.
Preloading 0 native plugins for Editor in 0.00 ms.
Unloading 1030 Unused Serialized files (Serialized files now loaded: 0)
Unloading 2 unused Assets / (24.6 KB). Loaded Objects now: 1580.
Memory consumption went from 59.7 MB to 59.7 MB.
Total: 2.259700 ms (FindLiveObjects: 0.177600 ms CreateObjectMapping: 0.025300 ms MarkObjects: 2.041400 ms  DeleteObjects: 0.013400 ms)

AssetImportParameters requested are different than current active one (requested -> active):
  custom:video-decoder-ogg-theora: a1e56fd34408186e4bbccfd4996cb3dc -> 
  custom:container-muxer-webm: aa71ff27fc2769a1b78a27578f13a17b -> 
  custom:container-demuxer-webm: 4f35f7cbe854078d1ac9338744f61a02 -> 
  custom:video-encoder-webm-vp8: eb34c28f22e8b96e1ab97ce403110664 -> 
  custom:audio-encoder-webm-vorbis: bf7c407c2cedff20999df2af8eb42d56 -> 
  custom:framework-win-MediaFoundation: 216162199b28c13a410421893ffa2e32 -> 
  custom:container-demuxer-ogg: 62fdf1f143b41e24485cea50d1cbac27 -> 
  custom:video-decoder-webm-vp8: 9c59270c3fd7afecdb556c50c9e8de78 -> 
  custom:audio-decoder-ogg-vorbis: bf7c407c2cedff20999df2af8eb42d56 -> 
========================================================================
Received Prepare
Registering precompiled user dll's ...
Registered in 0.000591 seconds.
Begin MonoManager ReloadAssembly
Native extension for WindowsStandalone target not found
Native extension for iOS target not found
Native extension for Android target not found
Native extension for WebGL target not found
Refreshing native plugins compatible for Editor in 0.34 ms, found 0 plugins.
Preloading 0 native plugins for Editor in 0.00 ms.
Mono: successfully reloaded assembly
- Completed reload, in  0.749 seconds
Domain Reload Profiling:
	ReloadAssembly (749ms)
		BeginReloadAssembly (132ms)
			ExecutionOrderSort (0ms)
			DisableScriptedObjects (7ms)
			BackupInstance (0ms)
			ReleaseScriptingObjects (0ms)
			CreateAndSetChildDomain (31ms)
		EndReloadAssembly (526ms)
			LoadAssemblies (67ms)
			RebuildTransferFunctionScriptingTraits (0ms)
			SetupTypeCache (154ms)
			ReleaseScriptCaches (1ms)
			RebuildScriptCaches (39ms)
			SetupLoadedEditorAssemblies (228ms)
				LogAssemblyErrors (0ms)
				InitializePlatformSupportModulesInManaged (35ms)
				SetLoadedEditorAssemblies (1ms)
				RefreshPlugins (0ms)
				BeforeProcessingInitializeOnLoad (48ms)
				ProcessInitializeOnLoadAttributes (115ms)
				ProcessInitializeOnLoadMethodAttributes (22ms)
				AfterProcessingInitializeOnLoad (8ms)
				EditorAssembliesLoaded (0ms)
			ExecutionOrderSort2 (0ms)
			AwakeInstancesAfterBackupRestoration (7ms)
Platform modules already initialized, skipping
Refreshing native plugins compatible for Editor in 0.34 ms, found 0 plugins.
Preloading 0 native plugins for Editor in 0.00 ms.
Unloading 1031 Unused Serialized files (Serialized files now loaded: 0)
Unloading 2 unused Assets / (24.7 KB). Loaded Objects now: 1584.
Memory consumption went from 59.7 MB to 59.7 MB.
Total: 2.861900 ms (FindLiveObjects: 0.144800 ms CreateObjectMapping: 0.034000 ms MarkObjects: 2.664800 ms  DeleteObjects: 0.016200 ms)

AssetImportParameters requested are different than current active one (requested -> active):
  custom:video-decoder-ogg-theora: a1e56fd34408186e4bbccfd4996cb3dc -> 
  custom:container-muxer-webm: aa71ff27fc2769a1b78a27578f13a17b -> 
  custom:container-demuxer-webm: 4f35f7cbe854078d1ac9338744f61a02 -> 
  custom:video-encoder-webm-vp8: eb34c28f22e8b96e1ab97ce403110664 -> 
  custom:audio-encoder-webm-vorbis: bf7c407c2cedff20999df2af8eb42d56 -> 
  custom:framework-win-MediaFoundation: 216162199b28c13a410421893ffa2e32 -> 
  custom:container-demuxer-ogg: 62fdf1f143b41e24485cea50d1cbac27 -> 
  custom:video-decoder-webm-vp8: 9c59270c3fd7afecdb556c50c9e8de78 -> 
  custom:audio-decoder-ogg-vorbis: bf7c407c2cedff20999df2af8eb42d56 -> 
========================================================================
Received Prepare
Registering precompiled user dll's ...
Registered in 0.000313 seconds.
Begin MonoManager ReloadAssembly
Native extension for WindowsStandalone target not found
Native extension for iOS target not found
Native extension for Android target not found
Native extension for WebGL target not found
Refreshing native plugins compatible for Editor in 0.20 ms, found 0 plugins.
Preloading 0 native plugins for Editor in 0.00 ms.
Mono: successfully reloaded assembly
- Completed reload, in  0.721 seconds
Domain Reload Profiling:
	ReloadAssembly (721ms)
		BeginReloadAssembly (131ms)
			ExecutionOrderSort (0ms)
			DisableScriptedObjects (9ms)
			BackupInstance (0ms)
			ReleaseScriptingObjects (0ms)
			CreateAndSetChildDomain (34ms)
		EndReloadAssembly (471ms)
			LoadAssemblies (64ms)
			RebuildTransferFunctionScriptingTraits (0ms)
			SetupTypeCache (158ms)
			ReleaseScriptCaches (1ms)
			RebuildScriptCaches (32ms)
			SetupLoadedEditorAssemblies (181ms)
				LogAssemblyErrors (0ms)
				InitializePlatformSupportModulesInManaged (29ms)
				SetLoadedEditorAssemblies (0ms)
				RefreshPlugins (0ms)
				BeforeProcessingInitializeOnLoad (32ms)
				ProcessInitializeOnLoadAttributes (98ms)
				ProcessInitializeOnLoadMethodAttributes (16ms)
				AfterProcessingInitializeOnLoad (5ms)
				EditorAssembliesLoaded (0ms)
			ExecutionOrderSort2 (0ms)
			AwakeInstancesAfterBackupRestoration (6ms)
Platform modules already initialized, skipping
Refreshing native plugins compatible for Editor in 0.84 ms, found 0 plugins.
Preloading 0 native plugins for Editor in 0.00 ms.
Unloading 1031 Unused Serialized files (Serialized files now loaded: 0)
Unloading 2 unused Assets / (24.6 KB). Loaded Objects now: 1587.
Memory consumption went from 59.7 MB to 59.7 MB.
Total: 2.587600 ms (FindLiveObjects: 0.149000 ms CreateObjectMapping: 0.057500 ms MarkObjects: 2.360600 ms  DeleteObjects: 0.018300 ms)

AssetImportParameters requested are different than current active one (requested -> active):
  custom:video-decoder-ogg-theora: a1e56fd34408186e4bbccfd4996cb3dc -> 
  custom:container-muxer-webm: aa71ff27fc2769a1b78a27578f13a17b -> 
  custom:container-demuxer-webm: 4f35f7cbe854078d1ac9338744f61a02 -> 
  custom:video-encoder-webm-vp8: eb34c28f22e8b96e1ab97ce403110664 -> 
  custom:audio-encoder-webm-vorbis: bf7c407c2cedff20999df2af8eb42d56 -> 
  custom:framework-win-MediaFoundation: 216162199b28c13a410421893ffa2e32 -> 
  custom:container-demuxer-ogg: 62fdf1f143b41e24485cea50d1cbac27 -> 
  custom:video-decoder-webm-vp8: 9c59270c3fd7afecdb556c50c9e8de78 -> 
  custom:audio-decoder-ogg-vorbis: bf7c407c2cedff20999df2af8eb42d56 -> 
========================================================================
Received Import Request.
  Time since last request: 1881.213143 seconds.
  path: Assets/AlignedGames/Polygonal Foliage Asset Package/Art/Models/Rocks/Rock1/rock_1.prefab
  artifactKey: Guid(da41ebe8e268ce3478edca856a24d3c1) Importer(815301076,1909f56bfc062723c751e8b465ee728b)
Start importing Assets/AlignedGames/Polygonal Foliage Asset Package/Art/Models/Rocks/Rock1/rock_1.prefab using Guid(da41ebe8e268ce3478edca856a24d3c1) Importer(815301076,1909f56bfc062723c751e8b465ee728b)  -> (artifact id: '82d7f551f8c3b9f131f5770e2ac52907') in 0.085694 seconds 
========================================================================
Received Import Request.
  Time since last request: 0.000018 seconds.
  path: Assets/AlignedGames/Polygonal Foliage Asset Package/Art/Models/Rocks/Rock3/rock_3.fbx
  artifactKey: Guid(2d7fbc8e8e8b5e54a9acfe399d1cef71) Importer(815301076,1909f56bfc062723c751e8b465ee728b)
Start importing Assets/AlignedGames/Polygonal Foliage Asset Package/Art/Models/Rocks/Rock3/rock_3.fbx using Guid(2d7fbc8e8e8b5e54a9acfe399d1cef71) Importer(815301076,1909f56bfc062723c751e8b465ee728b)  -> (artifact id: '045c719517a888ed034f77f9d4b8310e') in 0.055692 seconds 
========================================================================
Received Import Request.
  Time since last request: 0.000019 seconds.
  path: Assets/AlignedGames/Polygonal Foliage Asset Package/Art/Models/Rocks/Rock5/rock_5.prefab
  artifactKey: Guid(4304a767f3895364f84e1e67473e420a) Importer(815301076,1909f56bfc062723c751e8b465ee728b)
Start importing Assets/AlignedGames/Polygonal Foliage Asset Package/Art/Models/Rocks/Rock5/rock_5.prefab using Guid(4304a767f3895364f84e1e67473e420a) Importer(815301076,1909f56bfc062723c751e8b465ee728b)  -> (artifact id: 'a7fd9447b5f64de06f5bcd8ba829d1e2') in 0.025666 seconds 
========================================================================
Received Import Request.
  Time since last request: 0.000024 seconds.
  path: Assets/AlignedGames/Polygonal Foliage Asset Package/Art/Models/Rocks/Rock3/rock_3.prefab
  artifactKey: Guid(6933375681575c64487a3427da0d73b1) Importer(815301076,1909f56bfc062723c751e8b465ee728b)
Start importing Assets/AlignedGames/Polygonal Foliage Asset Package/Art/Models/Rocks/Rock3/rock_3.prefab using Guid(6933375681575c64487a3427da0d73b1) Importer(815301076,1909f56bfc062723c751e8b465ee728b)  -> (artifact id: '458003b7e7d202bb32f02db3a7b47a79') in 0.012430 seconds 
========================================================================
Received Import Request.
  Time since last request: 0.000036 seconds.
  path: Assets/AlignedGames/Polygonal Foliage Asset Package/Art/Models/Rocks/Rock4/rock_4.prefab
  artifactKey: Guid(128c135be2657d14981fa1729fe2be5a) Importer(815301076,1909f56bfc062723c751e8b465ee728b)
Start importing Assets/AlignedGames/Polygonal Foliage Asset Package/Art/Models/Rocks/Rock4/rock_4.prefab using Guid(128c135be2657d14981fa1729fe2be5a) Importer(815301076,1909f56bfc062723c751e8b465ee728b)  -> (artifact id: '36c03ad41d0b04ab78660296d9a1aa4e') in 0.018753 seconds 
========================================================================
Received Import Request.
  Time since last request: 0.000018 seconds.
  path: Assets/AlignedGames/Polygonal Foliage Asset Package/Art/Models/Rocks/Rock2/rock_2.prefab
  artifactKey: Guid(677370ffc1854894596d5d04209a263c) Importer(815301076,1909f56bfc062723c751e8b465ee728b)
Start importing Assets/AlignedGames/Polygonal Foliage Asset Package/Art/Models/Rocks/Rock2/rock_2.prefab using Guid(677370ffc1854894596d5d04209a263c) Importer(815301076,1909f56bfc062723c751e8b465ee728b)  -> (artifact id: 'e297163e80bb69765de8cdaddadd2147') in 0.025038 seconds 
========================================================================
Received Import Request.
  Time since last request: 0.460671 seconds.
  path: Assets/AlignedGames/Polygonal Foliage Asset Package/Art/Models/Rocks/Rock6/rock_6.fbx
  artifactKey: Guid(b24caf45e6f47d440b5cf772700ff52a) Importer(815301076,1909f56bfc062723c751e8b465ee728b)
Start importing Assets/AlignedGames/Polygonal Foliage Asset Package/Art/Models/Rocks/Rock6/rock_6.fbx using Guid(b24caf45e6f47d440b5cf772700ff52a) Importer(815301076,1909f56bfc062723c751e8b465ee728b)  -> (artifact id: '818cf968bd3bcdd4b77a869756fde4bb') in 0.015636 seconds 
========================================================================
Received Import Request.
  Time since last request: 0.000017 seconds.
  path: Assets/AlignedGames/Polygonal Foliage Asset Package/Art/Models/Rocks/Rock8/rock_8.prefab
  artifactKey: Guid(96e49c89d89c0ca4480ad393c85ee7fd) Importer(815301076,1909f56bfc062723c751e8b465ee728b)
Start importing Assets/AlignedGames/Polygonal Foliage Asset Package/Art/Models/Rocks/Rock8/rock_8.prefab using Guid(96e49c89d89c0ca4480ad393c85ee7fd) Importer(815301076,1909f56bfc062723c751e8b465ee728b)  -> (artifact id: 'abb55f8e6b011c0e44c1920764041b41') in 0.016512 seconds 
========================================================================
Received Import Request.
  Time since last request: 0.000027 seconds.
  path: Assets/AlignedGames/Polygonal Foliage Asset Package/Art/Models/Rocks/Rock13/rock_13.fbx
  artifactKey: Guid(12b3897d9062b2a46846c0bf971d0e76) Importer(815301076,1909f56bfc062723c751e8b465ee728b)
Start importing Assets/AlignedGames/Polygonal Foliage Asset Package/Art/Models/Rocks/Rock13/rock_13.fbx using Guid(12b3897d9062b2a46846c0bf971d0e76) Importer(815301076,1909f56bfc062723c751e8b465ee728b)  -> (artifact id: '5a30f32067febdb968107acfa752b312') in 0.017611 seconds 
========================================================================
Received Import Request.
  Time since last request: 0.000021 seconds.
  path: Assets/AlignedGames/Polygonal Foliage Asset Package/Art/Models/Rocks/Rock9/rock_9.prefab
  artifactKey: Guid(508a2c7da3ae26e4e965c4356365e74a) Importer(815301076,1909f56bfc062723c751e8b465ee728b)
Start importing Assets/AlignedGames/Polygonal Foliage Asset Package/Art/Models/Rocks/Rock9/rock_9.prefab using Guid(508a2c7da3ae26e4e965c4356365e74a) Importer(815301076,1909f56bfc062723c751e8b465ee728b)  -> (artifact id: '178b688d1a232805b26536e69dfc4159') in 0.015654 seconds 
========================================================================
Received Import Request.
  Time since last request: 0.000021 seconds.
  path: Assets/AlignedGames/Polygonal Foliage Asset Package/Art/Models/Rocks/Rock13/rock_13.prefab
  artifactKey: Guid(816c32059bbe7c7419109b770312968d) Importer(815301076,1909f56bfc062723c751e8b465ee728b)
Start importing Assets/AlignedGames/Polygonal Foliage Asset Package/Art/Models/Rocks/Rock13/rock_13.prefab using Guid(816c32059bbe7c7419109b770312968d) Importer(815301076,1909f56bfc062723c751e8b465ee728b)  -> (artifact id: 'e275f21520ebf0a0bf122448a8cc2c5e') in 0.010575 seconds 
========================================================================
Received Import Request.
  Time since last request: 0.000018 seconds.
  path: Assets/AlignedGames/Polygonal Foliage Asset Package/Art/Models/Rocks/Rock15/rock_15.fbx
  artifactKey: Guid(6f29d52a962a2ec47a296c132f576a0b) Importer(815301076,1909f56bfc062723c751e8b465ee728b)
Start importing Assets/AlignedGames/Polygonal Foliage Asset Package/Art/Models/Rocks/Rock15/rock_15.fbx using Guid(6f29d52a962a2ec47a296c132f576a0b) Importer(815301076,1909f56bfc062723c751e8b465ee728b)  -> (artifact id: '2d11054351d7fac7c10b5f210965ad49') in 0.018344 seconds 
========================================================================
Received Import Request.
  Time since last request: 0.000023 seconds.
  path: Assets/AlignedGames/Polygonal Foliage Asset Package/Art/Models/Rocks/Rock11/rock_11.prefab
  artifactKey: Guid(12b2e28e9ddd19049a5d43da9296bdff) Importer(815301076,1909f56bfc062723c751e8b465ee728b)
Start importing Assets/AlignedGames/Polygonal Foliage Asset Package/Art/Models/Rocks/Rock11/rock_11.prefab using Guid(12b2e28e9ddd19049a5d43da9296bdff) Importer(815301076,1909f56bfc062723c751e8b465ee728b)  -> (artifact id: '15442cfce7af45f72a6770ba1713f8dc') in 0.011426 seconds 
========================================================================
Received Import Request.
  Time since last request: 0.000069 seconds.
  path: Assets/AlignedGames/Polygonal Foliage Asset Package/Art/Models/Rocks/Rock7/rock_7.fbx
  artifactKey: Guid(1de014002e771b84a9ff19bc335145ad) Importer(815301076,1909f56bfc062723c751e8b465ee728b)
Start importing Assets/AlignedGames/Polygonal Foliage Asset Package/Art/Models/Rocks/Rock7/rock_7.fbx using Guid(1de014002e771b84a9ff19bc335145ad) Importer(815301076,1909f56bfc062723c751e8b465ee728b)  -> (artifact id: 'd8e68a8519ed86d958c931b9175f8b87') in 0.013356 seconds 
========================================================================
Received Import Request.
  Time since last request: 0.000024 seconds.
  path: Assets/AlignedGames/Polygonal Foliage Asset Package/Art/Models/Rocks/Rock8/rock_8.fbx
  artifactKey: Guid(7493efd9b1175a3498101c22fe5d187e) Importer(815301076,1909f56bfc062723c751e8b465ee728b)
Start importing Assets/AlignedGames/Polygonal Foliage Asset Package/Art/Models/Rocks/Rock8/rock_8.fbx using Guid(7493efd9b1175a3498101c22fe5d187e) Importer(815301076,1909f56bfc062723c751e8b465ee728b)  -> (artifact id: '9557e188527cbff9795f76a0e6f0708a') in 0.013081 seconds 
========================================================================
Received Import Request.
  Time since last request: 0.000028 seconds.
  path: Assets/AlignedGames/Polygonal Foliage Asset Package/Art/Models/Rocks/Rock12/rock_12.prefab
  artifactKey: Guid(ff32efad5b9ed1d43ba0084dda329c1a) Importer(815301076,1909f56bfc062723c751e8b465ee728b)
Start importing Assets/AlignedGames/Polygonal Foliage Asset Package/Art/Models/Rocks/Rock12/rock_12.prefab using Guid(ff32efad5b9ed1d43ba0084dda329c1a) Importer(815301076,1909f56bfc062723c751e8b465ee728b)  -> (artifact id: '4cf2eba7bfd9e77360283ac3dae2f3e9') in 0.011479 seconds 
========================================================================
Received Import Request.
  Time since last request: 0.000031 seconds.
  path: Assets/AlignedGames/Polygonal Foliage Asset Package/Art/Models/Rocks/Rock10/rock_10.fbx
  artifactKey: Guid(1e6ed786fd48e3f40add0f9d2d3cf4b8) Importer(815301076,1909f56bfc062723c751e8b465ee728b)
Start importing Assets/AlignedGames/Polygonal Foliage Asset Package/Art/Models/Rocks/Rock10/rock_10.fbx using Guid(1e6ed786fd48e3f40add0f9d2d3cf4b8) Importer(815301076,1909f56bfc062723c751e8b465ee728b)  -> (artifact id: 'eb2aa86f1d34f5fcf6452652d088f841') in 0.015763 seconds 
========================================================================
Received Import Request.
  Time since last request: 0.322732 seconds.
  path: Assets/RPGPP_LT/Prefabs/Nature/Rocks/rpgpp_lt_rock_01.prefab
  artifactKey: Guid(6fc2010b5899cfd488a0ddf205679e2b) Importer(815301076,1909f56bfc062723c751e8b465ee728b)
Start importing Assets/RPGPP_LT/Prefabs/Nature/Rocks/rpgpp_lt_rock_01.prefab using Guid(6fc2010b5899cfd488a0ddf205679e2b) Importer(815301076,1909f56bfc062723c751e8b465ee728b)  -> (artifact id: '5ce608a118233c9aa6e820c778597c03') in 0.013475 seconds 
Editor requested this worker to shutdown with reason: Scaling down because of idle timeout
AssetImportWorker is now disconnected from the server
Process exiting
Exiting without the bug reporter. Application will terminate with return code 0